EN ddr2_datagen_fsm NULL D:/MOSES/MOSES_Design/MOSES_DDR2_TestProject/DDR2_DataGen_FSM.vhd sub00/vhpl39 1413058513
AR ddr2_phy_write syn D:/MOSES/MOSES_Design/MOSES_DDR2_TestProject/ipcore_dir/DDR2_CORE/user_design/rtl/ddr2_phy_write.vhd sub00/vhpl15 1413058489
EN ddr2_burstcontroller NULL D:/MOSES/MOSES_Design/MOSES_DDR2_TestProject/DDR2_BurstController.vhd sub00/vhpl43 1413058517
EN ddr2_idelay_ctrl NULL D:/MOSES/MOSES_Design/MOSES_DDR2_TestProject/ipcore_dir/DDR2_CORE/user_design/rtl/ddr2_idelay_ctrl.vhd sub00/vhpl33 1413058507
EN ddr2_core NULL D:/MOSES/MOSES_Design/MOSES_DDR2_TestProject/ipcore_dir/DDR2_CORE/user_design/rtl/DDR2_CORE.vhd sub00/vhpl41 1413058515
AR ddr2_usr_rd syn D:/MOSES/MOSES_Design/MOSES_DDR2_TestProject/ipcore_dir/DDR2_CORE/user_design/rtl/ddr2_usr_rd.vhd sub00/vhpl09 1413058483
AR ddr2_phy_dq_iob syn D:/MOSES/MOSES_Design/MOSES_DDR2_TestProject/ipcore_dir/DDR2_CORE/user_design/rtl/ddr2_phy_dq_iob.vhd sub00/vhpl07 1413058481
AR ddr2_datagen_fsm behavioral D:/MOSES/MOSES_Design/MOSES_DDR2_TestProject/DDR2_DataGen_FSM.vhd sub00/vhpl40 1413058514
EN ddr2_usr_top NULL D:/MOSES/MOSES_Design/MOSES_DDR2_TestProject/ipcore_dir/DDR2_CORE/user_design/rtl/ddr2_usr_top.vhd sub00/vhpl24 1413058498
AR ddr2_idelay_ctrl syn D:/MOSES/MOSES_Design/MOSES_DDR2_TestProject/ipcore_dir/DDR2_CORE/user_design/rtl/ddr2_idelay_ctrl.vhd sub00/vhpl34 1413058508
AR icon icon_a D:/MOSES/MOSES_Design/MOSES_DDR2_TestProject/ipcore_dir/ICON.vhd sub00/vhpl48 1413058522
AR ddr2_infrastructure syn D:/MOSES/MOSES_Design/MOSES_DDR2_TestProject/ipcore_dir/DDR2_CORE/user_design/rtl/ddr2_infrastructure.vhd sub00/vhpl36 1413058510
EN ddr2_usr_rd NULL D:/MOSES/MOSES_Design/MOSES_DDR2_TestProject/ipcore_dir/DDR2_CORE/user_design/rtl/ddr2_usr_rd.vhd sub00/vhpl08 1413058482
AR ddr2_phy_top syn D:/MOSES/MOSES_Design/MOSES_DDR2_TestProject/ipcore_dir/DDR2_CORE/user_design/rtl/ddr2_phy_top.vhd sub00/vhpl23 1413058497
EN icon NULL D:/MOSES/MOSES_Design/MOSES_DDR2_TestProject/ipcore_dir/ICON.vhd sub00/vhpl47 1413058521
AR moses_ddr2_testproject behavioral D:/MOSES/MOSES_Design/MOSES_DDR2_TestProject/MOSES_DDR2_TestProject.vhd sub00/vhpl52 1413058526
AR ddr2_phy_dm_iob syn D:/MOSES/MOSES_Design/MOSES_DDR2_TestProject/ipcore_dir/DDR2_CORE/user_design/rtl/ddr2_phy_dm_iob.vhd sub00/vhpl05 1413058479
EN ddr2_mem_if_top NULL D:/MOSES/MOSES_Design/MOSES_DDR2_TestProject/ipcore_dir/DDR2_CORE/user_design/rtl/ddr2_mem_if_top.vhd sub00/vhpl28 1413058502
AR ddr2_ila ddr2_ila_a D:/MOSES/MOSES_Design/MOSES_DDR2_TestProject/ipcore_dir/DDR2_ILA.vhd sub00/vhpl46 1413058520
EN ddr2_phy_dq_iob NULL D:/MOSES/MOSES_Design/MOSES_DDR2_TestProject/ipcore_dir/DDR2_CORE/user_design/rtl/ddr2_phy_dq_iob.vhd sub00/vhpl06 1413058480
EN ddr2_ila NULL D:/MOSES/MOSES_Design/MOSES_DDR2_TestProject/ipcore_dir/DDR2_ILA.vhd sub00/vhpl45 1413058519
AR ddr2_usr_addr_fifo syn D:/MOSES/MOSES_Design/MOSES_DDR2_TestProject/ipcore_dir/DDR2_CORE/user_design/rtl/ddr2_usr_addr_fifo.vhd sub00/vhpl11 1413058485
AR ddr2_phy_calib syn D:/MOSES/MOSES_Design/MOSES_DDR2_TestProject/ipcore_dir/DDR2_CORE/user_design/rtl/ddr2_phy_calib.vhd sub00/vhpl01 1413058475
EN ddr2_phy_dm_iob NULL D:/MOSES/MOSES_Design/MOSES_DDR2_TestProject/ipcore_dir/DDR2_CORE/user_design/rtl/ddr2_phy_dm_iob.vhd sub00/vhpl04 1413058478
AR clock_management behavioral D:/MOSES/MOSES_Design/MOSES_DDR2_TestProject/clock_management.vhd sub00/vhpl50 1413058524
EN ddr2_usr_wr NULL D:/MOSES/MOSES_Design/MOSES_DDR2_TestProject/ipcore_dir/DDR2_CORE/user_design/rtl/ddr2_usr_wr.vhd sub00/vhpl12 1413058486
AR ddr2_usr_wr syn D:/MOSES/MOSES_Design/MOSES_DDR2_TestProject/ipcore_dir/DDR2_CORE/user_design/rtl/ddr2_usr_wr.vhd sub00/vhpl13 1413058487
EN clock_management NULL D:/MOSES/MOSES_Design/MOSES_DDR2_TestProject/clock_management.vhd sub00/vhpl49 1413058523
AR pll behavioral D:/MOSES/MOSES_Design/MOSES_DDR2_TestProject/pll.vhd sub00/vhpl31 1413058505
EN ddr2_phy_write NULL D:/MOSES/MOSES_Design/MOSES_DDR2_TestProject/ipcore_dir/DDR2_CORE/user_design/rtl/ddr2_phy_write.vhd sub00/vhpl14 1413058488
AR ddr2_core arc_mem_interface_top D:/MOSES/MOSES_Design/MOSES_DDR2_TestProject/ipcore_dir/DDR2_CORE/user_design/rtl/DDR2_CORE.vhd sub00/vhpl42 1413058516
AR ddr2_phy_init syn D:/MOSES/MOSES_Design/MOSES_DDR2_TestProject/ipcore_dir/DDR2_CORE/user_design/rtl/ddr2_phy_init.vhd sub00/vhpl21 1413058495
AR ddr2_top syn D:/MOSES/MOSES_Design/MOSES_DDR2_TestProject/ipcore_dir/DDR2_CORE/user_design/rtl/ddr2_top.vhd sub00/vhpl38 1413058512
EN ddr2_usr_addr_fifo NULL D:/MOSES/MOSES_Design/MOSES_DDR2_TestProject/ipcore_dir/DDR2_CORE/user_design/rtl/ddr2_usr_addr_fifo.vhd sub00/vhpl10 1413058484
EN ddr2_infrastructure NULL D:/MOSES/MOSES_Design/MOSES_DDR2_TestProject/ipcore_dir/DDR2_CORE/user_design/rtl/ddr2_infrastructure.vhd sub00/vhpl35 1413058509
AR ddr2_phy_dqs_iob syn D:/MOSES/MOSES_Design/MOSES_DDR2_TestProject/ipcore_dir/DDR2_CORE/user_design/rtl/ddr2_phy_dqs_iob.vhd sub00/vhpl03 1413058477
EN ddr2_phy_calib NULL D:/MOSES/MOSES_Design/MOSES_DDR2_TestProject/ipcore_dir/DDR2_CORE/user_design/rtl/ddr2_phy_calib.vhd sub00/vhpl00 1413058474
AR ddr2_ctrl syn D:/MOSES/MOSES_Design/MOSES_DDR2_TestProject/ipcore_dir/DDR2_CORE/user_design/rtl/ddr2_ctrl.vhd sub00/vhpl27 1413058501
EN ddr2_phy_init NULL D:/MOSES/MOSES_Design/MOSES_DDR2_TestProject/ipcore_dir/DDR2_CORE/user_design/rtl/ddr2_phy_init.vhd sub00/vhpl20 1413058494
EN ddr2_ctrl NULL D:/MOSES/MOSES_Design/MOSES_DDR2_TestProject/ipcore_dir/DDR2_CORE/user_design/rtl/ddr2_ctrl.vhd sub00/vhpl26 1413058500
AR ddr2_burstcontroller behavioral D:/MOSES/MOSES_Design/MOSES_DDR2_TestProject/DDR2_BurstController.vhd sub00/vhpl44 1413058518
EN pll NULL D:/MOSES/MOSES_Design/MOSES_DDR2_TestProject/pll.vhd sub00/vhpl30 1413058504
PH ddr2_chipscope NULL D:/MOSES/MOSES_Design/MOSES_DDR2_TestProject/ipcore_dir/DDR2_CORE/user_design/rtl/ddr2_chipscope.vhd sub00/vhpl32 1413058506
EN ddr2_phy_ctl_io NULL D:/MOSES/MOSES_Design/MOSES_DDR2_TestProject/ipcore_dir/DDR2_CORE/user_design/rtl/ddr2_phy_ctl_io.vhd sub00/vhpl18 1413058492
AR ddr2_phy_ctl_io syn D:/MOSES/MOSES_Design/MOSES_DDR2_TestProject/ipcore_dir/DDR2_CORE/user_design/rtl/ddr2_phy_ctl_io.vhd sub00/vhpl19 1413058493
AR ddr2_phy_io syn D:/MOSES/MOSES_Design/MOSES_DDR2_TestProject/ipcore_dir/DDR2_CORE/user_design/rtl/ddr2_phy_io.vhd sub00/vhpl17 1413058491
EN moses_ddr2_testproject NULL D:/MOSES/MOSES_Design/MOSES_DDR2_TestProject/MOSES_DDR2_TestProject.vhd sub00/vhpl51 1413058525
EN ddr2_top NULL D:/MOSES/MOSES_Design/MOSES_DDR2_TestProject/ipcore_dir/DDR2_CORE/user_design/rtl/ddr2_top.vhd sub00/vhpl37 1413058511
EN ddr2_phy_top NULL D:/MOSES/MOSES_Design/MOSES_DDR2_TestProject/ipcore_dir/DDR2_CORE/user_design/rtl/ddr2_phy_top.vhd sub00/vhpl22 1413058496
EN ddr2_phy_dqs_iob NULL D:/MOSES/MOSES_Design/MOSES_DDR2_TestProject/ipcore_dir/DDR2_CORE/user_design/rtl/ddr2_phy_dqs_iob.vhd sub00/vhpl02 1413058476
AR ddr2_mem_if_top syn D:/MOSES/MOSES_Design/MOSES_DDR2_TestProject/ipcore_dir/DDR2_CORE/user_design/rtl/ddr2_mem_if_top.vhd sub00/vhpl29 1413058503
EN ddr2_phy_io NULL D:/MOSES/MOSES_Design/MOSES_DDR2_TestProject/ipcore_dir/DDR2_CORE/user_design/rtl/ddr2_phy_io.vhd sub00/vhpl16 1413058490
AR ddr2_usr_top syn D:/MOSES/MOSES_Design/MOSES_DDR2_TestProject/ipcore_dir/DDR2_CORE/user_design/rtl/ddr2_usr_top.vhd sub00/vhpl25 1413058499
