EN dp_a32x8_b8x32 NULL C:/Users/Justin/Dropbox/MOSES/ReferenceDesigns/fpga/source/v5coregen/dp_a32x8_b8x32.vhd sub00/vhpl94 1413574944
AR regbank_32 rtl C:/Users/Justin/Dropbox/MOSES/ReferenceDesigns/fpga/source/common/regBank_32.vhd sub01/vhpl107 1413574957
AR mig20_phy_ctl_io_0 syn C:/Users/Justin/Dropbox/MOSES/ReferenceDesigns/fpga/source/v5coregen/mig20/user_design/rtl/mig20_phy_ctl_io_0.vhd sub00/vhpl19 1413574869
EN uart_tx_plus NULL C:/Users/Justin/Dropbox/MOSES/ReferenceDesigns/fpga/source/serial/uart_tx_plus.vhd sub00/vhpl80 1413574930
EN fifo_42x16 NULL C:/Users/Justin/Dropbox/MOSES/ReferenceDesigns/fpga/source/v5coregen/fifo_42x16.vhd sub00/vhpl68 1413574918
EN mig20_usr_rd_0 NULL C:/Users/Justin/Dropbox/MOSES/ReferenceDesigns/fpga/source/v5coregen/mig20/user_design/rtl/mig20_usr_rd_0.vhd sub00/vhpl08 1413574858
AR mgt_usrclk_source_pll rtl C:/Users/Justin/Dropbox/MOSES/ReferenceDesigns/fpga/source/v5coregen/pciegtx_wrapper/src/mgt_usrclk_source_pll.vhd sub00/vhpl53 1413574903
EN mig20_mem_if_top_0 NULL C:/Users/Justin/Dropbox/MOSES/ReferenceDesigns/fpga/source/v5coregen/mig20/user_design/rtl/mig20_mem_if_top_0.vhd sub00/vhpl34 1413574884
AR mig20_usr_wr_0 syn C:/Users/Justin/Dropbox/MOSES/ReferenceDesigns/fpga/source/v5coregen/mig20/user_design/rtl/mig20_usr_wr_0.vhd sub00/vhpl13 1413574863
AR mig20_app arc_mem_interface_top C:/Users/Justin/Dropbox/MOSES/ReferenceDesigns/fpga/source/v5coregen/mig20/user_design/rtl/mig20_app.vhd sub01/vhpl137 1413574987
EN tx_client_fifo_8 NULL C:/Users/Justin/Dropbox/MOSES/ReferenceDesigns/fpga/source/v5coregen/v5_emac_v1_3/example_design/client/fifo/tx_client_fifo_8.vhd sub00/vhpl44 1413574894
EN gtp_frame_rx NULL C:/Users/Justin/Dropbox/MOSES/ReferenceDesigns/fpga/source/rocketio/gtp_frame_rx.vhd sub00/vhpl60 1413574910
EN mig20_idelay_ctrl NULL C:/Users/Justin/Dropbox/MOSES/ReferenceDesigns/fpga/source/v5coregen/mig20/user_design/rtl/mig20_idelay_ctrl.vhd sub00/vhpl72 1413574922
EN mig20_usr_wr_0 NULL C:/Users/Justin/Dropbox/MOSES/ReferenceDesigns/fpga/source/v5coregen/mig20/user_design/rtl/mig20_usr_wr_0.vhd sub00/vhpl12 1413574862
AR mig20_idelay_ctrl syn C:/Users/Justin/Dropbox/MOSES/ReferenceDesigns/fpga/source/v5coregen/mig20/user_design/rtl/mig20_idelay_ctrl.vhd sub00/vhpl73 1413574923
AR eth_fifo_8 rtl C:/Users/Justin/Dropbox/MOSES/ReferenceDesigns/fpga/source/v5coregen/v5_emac_v1_3/example_design/client/fifo/eth_fifo_8.vhd sub00/vhpl87 1413574937
AR plxbusmonitor chipscope C:/Users/Justin/Dropbox/MOSES/ReferenceDesigns/fpga/source/plxControl/plxBusMonitor.vhd sub01/vhpl115 1413574965
AR emacicmp rtl C:/Users/Justin/Dropbox/MOSES/ReferenceDesigns/fpga/source/emac/emacICMP.vhd sub01/vhpl129 1413574979
AR rx_client_fifo_8 rtl C:/Users/Justin/Dropbox/MOSES/ReferenceDesigns/fpga/source/v5coregen/v5_emac_v1_3/example_design/client/fifo/rx_client_fifo_8.vhd sub00/vhpl47 1413574897
EN clkcontrolmem NULL C:/Users/Justin/Dropbox/MOSES/ReferenceDesigns/fpga/source/v5clock/clkControlMem.vhd sub01/vhpl140 1413574990
EN gtp_frame_tx NULL C:/Users/Justin/Dropbox/MOSES/ReferenceDesigns/fpga/source/rocketio/gtp_frame_tx.vhd sub00/vhpl58 1413574908
EN ref_design NULL C:/Users/Justin/Dropbox/MOSES/ReferenceDesigns/fpga/source/topRefDesign/ref_design.vhd sub01/vhpl144 1413574994
EN mig20_phy_calib_0 NULL C:/Users/Justin/Dropbox/MOSES/ReferenceDesigns/fpga/source/v5coregen/mig20/user_design/rtl/mig20_phy_calib_0.vhd sub00/vhpl00 1413574850
AR mig20_ctrl_0 syn C:/Users/Justin/Dropbox/MOSES/ReferenceDesigns/fpga/source/v5coregen/mig20/user_design/rtl/mig20_ctrl_0.vhd sub00/vhpl27 1413574877
EN mig20_phy_init_0 NULL C:/Users/Justin/Dropbox/MOSES/ReferenceDesigns/fpga/source/v5coregen/mig20/user_design/rtl/mig20_phy_init_0.vhd sub00/vhpl20 1413574870
EN rx_client_fifo_8 NULL C:/Users/Justin/Dropbox/MOSES/ReferenceDesigns/fpga/source/v5coregen/v5_emac_v1_3/example_design/client/fifo/rx_client_fifo_8.vhd sub00/vhpl46 1413574896
AR shiftregxx rtl C:/Users/Justin/Dropbox/MOSES/ReferenceDesigns/fpga/source/common/shiftRegXX.vhd sub00/vhpl79 1413574929
AR eeprommaster rtl C:/Users/Justin/Dropbox/MOSES/ReferenceDesigns/fpga/source/eeprom/eepromMaster.vhd sub01/vhpl135 1413574985
AR dpa64x8_b16x32 dpa64x8_b16x32_a C:/Users/Justin/Dropbox/MOSES/ReferenceDesigns/fpga/source/v5coregen/dpa64x8_b16x32.vhd sub00/vhpl29 1413574879
AR gtp_frame_tx rtl C:/Users/Justin/Dropbox/MOSES/ReferenceDesigns/fpga/source/rocketio/gtp_frame_tx.vhd sub00/vhpl59 1413574909
AR ref_design rtl C:/Users/Justin/Dropbox/MOSES/ReferenceDesigns/fpga/source/topRefDesign/ref_design.vhd sub01/vhpl145 1413574995
PH ctiutil NULL C:/Users/Justin/Dropbox/MOSES/ReferenceDesigns/fpga/source/common/ctiUtil.vhd sub00/vhpl36 1413574886
AR mig20_ddr2_top_0 syn C:/Users/Justin/Dropbox/MOSES/ReferenceDesigns/fpga/source/v5coregen/mig20/user_design/rtl/mig20_ddr2_top_0.vhd sub00/vhpl77 1413574927
EN dp_a256x8_b256x8 NULL C:/Users/Justin/Dropbox/MOSES/ReferenceDesigns/fpga/source/v5coregen/dp_a256x8_b256x8.vhd sub00/vhpl88 1413574938
EN regbank_32 NULL C:/Users/Justin/Dropbox/MOSES/ReferenceDesigns/fpga/source/common/regBank_32.vhd sub01/vhpl106 1413574956
AR bbfifo_16x8 low_level_definition C:/Users/Justin/Dropbox/MOSES/ReferenceDesigns/fpga/source/serial/bbfifo_16x8.vhd sub00/vhpl41 1413574891
AR mii_if phy_if C:/Users/Justin/Dropbox/MOSES/ReferenceDesigns/fpga/source/v5coregen/v5_emac_v1_3/example_design/physical/mii_if.vhd sub00/vhpl49 1413574899
AR icmpprog low_level_definition C:/Users/Justin/Dropbox/MOSES/ReferenceDesigns/fpga/source/emac/ICMPPROG.VHD sub00/vhpl93 1413574943
EN dpram32_8 NULL C:/Users/Justin/Dropbox/MOSES/ReferenceDesigns/fpga/source/v5coregen/dpRam32_8.vhd sub01/vhpl118 1413574968
EN shiftregxx NULL C:/Users/Justin/Dropbox/MOSES/ReferenceDesigns/fpga/source/common/shiftRegXX.vhd sub00/vhpl78 1413574928
EN eeprommaster NULL C:/Users/Justin/Dropbox/MOSES/ReferenceDesigns/fpga/source/eeprom/eepromMaster.vhd sub01/vhpl134 1413574984
AR dp_32_64 dp_32_64_a C:/Users/Justin/Dropbox/MOSES/ReferenceDesigns/fpga/source/v5coregen/dp_32_64.vhd sub00/vhpl71 1413574921
PB ctiutil ctiutil C:/Users/Justin/Dropbox/MOSES/ReferenceDesigns/fpga/source/common/ctiUtil.vhd sub00/vhpl37 1413574887
PB ffpci104_pkg ffpci104_pkg C:/Users/Justin/Dropbox/MOSES/ReferenceDesigns/fpga/source/topRefDesign/ref_design_fcg006rd_pkg.vhd sub01/vhpl103 1413574953
AR emacrx rtl C:/Users/Justin/Dropbox/MOSES/ReferenceDesigns/fpga/source/emac/emacRx.vhd sub01/vhpl127 1413574977
AR pciegtp_wrapper rtl C:/Users/Justin/Dropbox/MOSES/ReferenceDesigns/fpga/source/rocketio/pciegtp_wrapper.vhd sub00/vhpl55 1413574905
EN mig20_infrastructure NULL C:/Users/Justin/Dropbox/MOSES/ReferenceDesigns/fpga/source/v5coregen/mig20/user_design/rtl/mig20_infrastructure.vhd sub00/vhpl74 1413574924
EN plxbusmonitor NULL C:/Users/Justin/Dropbox/MOSES/ReferenceDesigns/fpga/source/plxControl/plxBusMonitor.vhd sub01/vhpl114 1413574964
PH ffpci104_pkg NULL C:/Users/Justin/Dropbox/MOSES/ReferenceDesigns/fpga/source/topRefDesign/ref_design_fcg006rd_pkg.vhd sub01/vhpl102 1413574952
EN gen200mhz NULL C:/Users/Justin/Dropbox/MOSES/ReferenceDesigns/fpga/source/v5coregen/gen200Mhz.vhd sub00/vhpl62 1413574912
EN v5_emac_v1_3_block NULL C:/Users/Justin/Dropbox/MOSES/ReferenceDesigns/fpga/source/v5coregen/v5_emac_v1_3/example_design/v5_emac_v1_3_block.vhd sub00/vhpl84 1413574934
AR mig20_phy_top_0 syn C:/Users/Justin/Dropbox/MOSES/ReferenceDesigns/fpga/source/v5coregen/mig20/user_design/rtl/mig20_phy_top_0.vhd sub00/vhpl23 1413574873
AR mgt_tester rtl C:/Users/Justin/Dropbox/MOSES/ReferenceDesigns/fpga/source/rocketio/mgt_tester.vhd sub01/vhpl143 1413574993
EN dp_32_64 NULL C:/Users/Justin/Dropbox/MOSES/ReferenceDesigns/fpga/source/v5coregen/dp_32_64.vhd sub00/vhpl70 1413574920
AR mig20_infrastructure syn C:/Users/Justin/Dropbox/MOSES/ReferenceDesigns/fpga/source/v5coregen/mig20/user_design/rtl/mig20_infrastructure.vhd sub00/vhpl75 1413574925
EN pciegtx_wrapper NULL C:/Users/Justin/Dropbox/MOSES/ReferenceDesigns/fpga/source/v5coregen/pciegtx_wrapper/src/pciegtx_wrapper.vhd sub00/vhpl56 1413574906
EN xto1mux_32 NULL C:/Users/Justin/Dropbox/MOSES/ReferenceDesigns/fpga/source/common/Xto1Mux_32.vhd sub01/vhpl100 1413574950
EN mig20_phy_write_0 NULL C:/Users/Justin/Dropbox/MOSES/ReferenceDesigns/fpga/source/v5coregen/mig20/user_design/rtl/mig20_phy_write_0.vhd sub00/vhpl14 1413574864
EN ddr2_interface NULL C:/Users/Justin/Dropbox/MOSES/ReferenceDesigns/fpga/source/v5coregen/mig20/user_design/rtl/ddr2_interface.vhd sub01/vhpl138 1413574988
EN mig20_ctrl_0 NULL C:/Users/Justin/Dropbox/MOSES/ReferenceDesigns/fpga/source/v5coregen/mig20/user_design/rtl/mig20_ctrl_0.vhd sub00/vhpl26 1413574876
AR mig20_phy_init_0 syn C:/Users/Justin/Dropbox/MOSES/ReferenceDesigns/fpga/source/v5coregen/mig20/user_design/rtl/mig20_phy_init_0.vhd sub00/vhpl21 1413574871
EN clkfwd_mod NULL C:/Users/Justin/Dropbox/MOSES/ReferenceDesigns/fpga/source/v5clock/clkfwd_mod.vhd sub00/vhpl64 1413574914
AR gen200mhz behavioral C:/Users/Justin/Dropbox/MOSES/ReferenceDesigns/fpga/source/v5coregen/gen200Mhz.vhd sub00/vhpl63 1413574913
AR plxarb rtl C:/Users/Justin/Dropbox/MOSES/ReferenceDesigns/fpga/source/plxControl/plxArb.vhd sub01/vhpl109 1413574959
EN icmpprog NULL C:/Users/Justin/Dropbox/MOSES/ReferenceDesigns/fpga/source/emac/ICMPPROG.VHD sub00/vhpl92 1413574942
AR ddr2_interface rtl C:/Users/Justin/Dropbox/MOSES/ReferenceDesigns/fpga/source/v5coregen/mig20/user_design/rtl/ddr2_interface.vhd sub01/vhpl139 1413574989
EN dpa64x8_b16x32 NULL C:/Users/Justin/Dropbox/MOSES/ReferenceDesigns/fpga/source/v5coregen/dpa64x8_b16x32.vhd sub00/vhpl28 1413574878
AR kcuart_tx low_level_definition C:/Users/Justin/Dropbox/MOSES/ReferenceDesigns/fpga/source/serial/kcuart_tx.vhd sub00/vhpl43 1413574893
AR mig20_phy_write_0 syn C:/Users/Justin/Dropbox/MOSES/ReferenceDesigns/fpga/source/v5coregen/mig20/user_design/rtl/mig20_phy_write_0.vhd sub00/vhpl15 1413574865
AR mig20_phy_io_0 syn C:/Users/Justin/Dropbox/MOSES/ReferenceDesigns/fpga/source/v5coregen/mig20/user_design/rtl/mig20_phy_io_0.vhd sub00/vhpl17 1413574867
AR mig20_usr_top_0 syn C:/Users/Justin/Dropbox/MOSES/ReferenceDesigns/fpga/source/v5coregen/mig20/user_design/rtl/mig20_usr_top_0.vhd sub00/vhpl25 1413574875
EN serialsimple NULL C:/Users/Justin/Dropbox/MOSES/ReferenceDesigns/fpga/source/serial/serialSimple.vhd sub01/vhpl132 1413574982
EN mii_if NULL C:/Users/Justin/Dropbox/MOSES/ReferenceDesigns/fpga/source/v5coregen/v5_emac_v1_3/example_design/physical/mii_if.vhd sub00/vhpl48 1413574898
AR serialsimple rtl C:/Users/Justin/Dropbox/MOSES/ReferenceDesigns/fpga/source/serial/serialSimple.vhd sub01/vhpl133 1413574983
EN mig20_phy_io_0 NULL C:/Users/Justin/Dropbox/MOSES/ReferenceDesigns/fpga/source/v5coregen/mig20/user_design/rtl/mig20_phy_io_0.vhd sub00/vhpl16 1413574866
EN pbprogf2 NULL C:/Users/Justin/Dropbox/MOSES/ReferenceDesigns/fpga/source/spiFlash32/PBPROGF2.VHD sub00/vhpl96 1413574946
AR kcuart_rx low_level_definition C:/Users/Justin/Dropbox/MOSES/ReferenceDesigns/fpga/source/serial/kcuart_rx.vhd sub00/vhpl39 1413574889
EN kcuart_rx NULL C:/Users/Justin/Dropbox/MOSES/ReferenceDesigns/fpga/source/serial/kcuart_rx.vhd sub00/vhpl38 1413574888
EN mgt_tester NULL C:/Users/Justin/Dropbox/MOSES/ReferenceDesigns/fpga/source/rocketio/mgt_tester.vhd sub01/vhpl142 1413574992
AR plxcfgrom rtl C:/Users/Justin/Dropbox/MOSES/ReferenceDesigns/fpga/source/plxControl/plxCfgRom.vhd sub01/vhpl113 1413574963
EN v5internalconfig NULL C:/Users/Justin/Dropbox/MOSES/ReferenceDesigns/fpga/source/v5config/v5InternalConfig.vhd sub01/vhpl120 1413574970
EN mgt_usrclk_source_pll NULL C:/Users/Justin/Dropbox/MOSES/ReferenceDesigns/fpga/source/v5coregen/pciegtx_wrapper/src/mgt_usrclk_source_pll.vhd sub00/vhpl52 1413574902
EN emacrx NULL C:/Users/Justin/Dropbox/MOSES/ReferenceDesigns/fpga/source/emac/emacRx.vhd sub01/vhpl126 1413574976
EN v5_emac_v1_3_locallink NULL C:/Users/Justin/Dropbox/MOSES/ReferenceDesigns/fpga/source/v5coregen/v5_emac_v1_3/example_design/v5_emac_v1_3_locallink.vhd sub01/vhpl130 1413574980
EN kcuart_tx NULL C:/Users/Justin/Dropbox/MOSES/ReferenceDesigns/fpga/source/serial/kcuart_tx.vhd sub00/vhpl42 1413574892
EN v5_emac_v1_3 NULL C:/Users/Justin/Dropbox/MOSES/ReferenceDesigns/fpga/source/v5coregen/v5_emac_v1_3/example_design/v5_emac_v1_3.vhd sub00/vhpl50 1413574900
AR plxspif2 behavioral C:/Users/Justin/Dropbox/MOSES/ReferenceDesigns/fpga/source/spiFlash32/ctiSPIf2.vhd sub01/vhpl117 1413574967
AR uart_tx_plus macro_level_definition C:/Users/Justin/Dropbox/MOSES/ReferenceDesigns/fpga/source/serial/uart_tx_plus.vhd sub00/vhpl81 1413574931
AR plx32bitmaster rtl C:/Users/Justin/Dropbox/MOSES/ReferenceDesigns/fpga/source/plxControl/plx32BitMaster.vhd sub01/vhpl111 1413574961
EN mig20_usr_top_0 NULL C:/Users/Justin/Dropbox/MOSES/ReferenceDesigns/fpga/source/v5coregen/mig20/user_design/rtl/mig20_usr_top_0.vhd sub00/vhpl24 1413574874
EN pciegtp_wrapper_tile NULL C:/Users/Justin/Dropbox/MOSES/ReferenceDesigns/fpga/source/rocketio/pciegtp_wrapper_tile.vhd sub00/vhpl32 1413574882
EN mig20_app NULL C:/Users/Justin/Dropbox/MOSES/ReferenceDesigns/fpga/source/v5coregen/mig20/user_design/rtl/mig20_app.vhd sub01/vhpl136 1413574986
EN emactx NULL C:/Users/Justin/Dropbox/MOSES/ReferenceDesigns/fpga/source/emac/emacTx.vhd sub01/vhpl124 1413574974
AR spi_module_cti imp C:/Users/Justin/Dropbox/MOSES/ReferenceDesigns/fpga/source/spiFlash32/spi_module_cti.vhd sub00/vhpl99 1413574949
AR tx_client_fifo_8 rtl C:/Users/Justin/Dropbox/MOSES/ReferenceDesigns/fpga/source/v5coregen/v5_emac_v1_3/example_design/client/fifo/tx_client_fifo_8.vhd sub00/vhpl45 1413574895
AR mig20_usr_addr_fifo_0 syn C:/Users/Justin/Dropbox/MOSES/ReferenceDesigns/fpga/source/v5coregen/mig20/user_design/rtl/mig20_usr_addr_fifo_0.vhd sub00/vhpl11 1413574861
EN kcpsm3 NULL C:/Users/Justin/Dropbox/MOSES/ReferenceDesigns/fpga/source/spiFlash32/kcpsm3.vhd sub00/vhpl90 1413574940
AR clkcontrolmem behavioral C:/Users/Justin/Dropbox/MOSES/ReferenceDesigns/fpga/source/v5clock/clkControlMem.vhd sub01/vhpl141 1413574991
EN mig20_usr_addr_fifo_0 NULL C:/Users/Justin/Dropbox/MOSES/ReferenceDesigns/fpga/source/v5coregen/mig20/user_design/rtl/mig20_usr_addr_fifo_0.vhd sub00/vhpl10 1413574860
AR fifo_42x16 fifo_42x16_a C:/Users/Justin/Dropbox/MOSES/ReferenceDesigns/fpga/source/v5coregen/fifo_42x16.vhd sub00/vhpl69 1413574919
EN pciegtp_wrapper NULL C:/Users/Justin/Dropbox/MOSES/ReferenceDesigns/fpga/source/rocketio/pciegtp_wrapper.vhd sub00/vhpl54 1413574904
AR mig20_phy_dqs_iob syn C:/Users/Justin/Dropbox/MOSES/ReferenceDesigns/fpga/source/v5coregen/mig20/user_design/rtl/mig20_phy_dqs_iob.vhd sub00/vhpl03 1413574853
AR emactx rtl C:/Users/Justin/Dropbox/MOSES/ReferenceDesigns/fpga/source/emac/emacTx.vhd sub01/vhpl125 1413574975
AR pciegtp_wrapper_tile rtl C:/Users/Justin/Dropbox/MOSES/ReferenceDesigns/fpga/source/rocketio/pciegtp_wrapper_tile.vhd sub00/vhpl33 1413574883
AR mig20_usr_rd_0 syn C:/Users/Justin/Dropbox/MOSES/ReferenceDesigns/fpga/source/v5coregen/mig20/user_design/rtl/mig20_usr_rd_0.vhd sub00/vhpl09 1413574859
AR mig20_mem_if_top_0 syn C:/Users/Justin/Dropbox/MOSES/ReferenceDesigns/fpga/source/v5coregen/mig20/user_design/rtl/mig20_mem_if_top_0.vhd sub00/vhpl35 1413574885
EN mig20_phy_ctl_io_0 NULL C:/Users/Justin/Dropbox/MOSES/ReferenceDesigns/fpga/source/v5coregen/mig20/user_design/rtl/mig20_phy_ctl_io_0.vhd sub00/vhpl18 1413574868
EN mig20_ddr2_top_0 NULL C:/Users/Justin/Dropbox/MOSES/ReferenceDesigns/fpga/source/v5coregen/mig20/user_design/rtl/mig20_ddr2_top_0.vhd sub00/vhpl76 1413574926
EN plx32bitslave NULL C:/Users/Justin/Dropbox/MOSES/ReferenceDesigns/fpga/source/plxControl/plx32BitSlave.vhd sub01/vhpl104 1413574954
AR v5_emac_v1_3_locallink top_level C:/Users/Justin/Dropbox/MOSES/ReferenceDesigns/fpga/source/v5coregen/v5_emac_v1_3/example_design/v5_emac_v1_3_locallink.vhd sub01/vhpl131 1413574981
EN mig20_phy_dq_iob NULL C:/Users/Justin/Dropbox/MOSES/ReferenceDesigns/fpga/source/v5coregen/mig20/user_design/rtl/mig20_phy_dq_iob.vhd sub00/vhpl06 1413574856
AR lclkdeskew behavioral C:/Users/Justin/Dropbox/MOSES/ReferenceDesigns/fpga/source/v5coregen/lclkDeskew.vhd sub00/vhpl67 1413574917
AR mig20_phy_dq_iob syn C:/Users/Justin/Dropbox/MOSES/ReferenceDesigns/fpga/source/v5coregen/mig20/user_design/rtl/mig20_phy_dq_iob.vhd sub00/vhpl07 1413574857
EN bbfifo_16x8 NULL C:/Users/Justin/Dropbox/MOSES/ReferenceDesigns/fpga/source/serial/bbfifo_16x8.vhd sub00/vhpl40 1413574890
AR dp_a256x8_b256x8 dp_a256x8_b256x8_a C:/Users/Justin/Dropbox/MOSES/ReferenceDesigns/fpga/source/v5coregen/dp_a256x8_b256x8.vhd sub00/vhpl89 1413574939
AR emac_init rtl C:/Users/Justin/Dropbox/MOSES/ReferenceDesigns/fpga/source/emac/emac_init.vhd sub01/vhpl123 1413574973
EN eth_fifo_8 NULL C:/Users/Justin/Dropbox/MOSES/ReferenceDesigns/fpga/source/v5coregen/v5_emac_v1_3/example_design/client/fifo/eth_fifo_8.vhd sub00/vhpl86 1413574936
EN mig20_phy_dm_iob NULL C:/Users/Justin/Dropbox/MOSES/ReferenceDesigns/fpga/source/v5coregen/mig20/user_design/rtl/mig20_phy_dm_iob.vhd sub00/vhpl04 1413574854
EN plxspif2 NULL C:/Users/Justin/Dropbox/MOSES/ReferenceDesigns/fpga/source/spiFlash32/ctiSPIf2.vhd sub01/vhpl116 1413574966
EN plx32bitmaster NULL C:/Users/Justin/Dropbox/MOSES/ReferenceDesigns/fpga/source/plxControl/plx32BitMaster.vhd sub01/vhpl110 1413574960
EN mig20_phy_top_0 NULL C:/Users/Justin/Dropbox/MOSES/ReferenceDesigns/fpga/source/v5coregen/mig20/user_design/rtl/mig20_phy_top_0.vhd sub00/vhpl22 1413574872
EN plxcfgrom NULL C:/Users/Justin/Dropbox/MOSES/ReferenceDesigns/fpga/source/plxControl/plxCfgRom.vhd sub01/vhpl112 1413574962
EN lclkdeskew NULL C:/Users/Justin/Dropbox/MOSES/ReferenceDesigns/fpga/source/v5coregen/lclkDeskew.vhd sub00/vhpl66 1413574916
AR v5internalconfig rtl C:/Users/Justin/Dropbox/MOSES/ReferenceDesigns/fpga/source/v5config/v5InternalConfig.vhd sub01/vhpl121 1413574971
AR pciegtx_wrapper_tile rtl C:/Users/Justin/Dropbox/MOSES/ReferenceDesigns/fpga/source/v5coregen/pciegtx_wrapper/src/pciegtx_wrapper_tile.vhd sub00/vhpl31 1413574881
AR dp_a32x8_b8x32 dp_a32x8_b8x32_a C:/Users/Justin/Dropbox/MOSES/ReferenceDesigns/fpga/source/v5coregen/dp_a32x8_b8x32.vhd sub00/vhpl95 1413574945
AR gtp_frame_rx rtl C:/Users/Justin/Dropbox/MOSES/ReferenceDesigns/fpga/source/rocketio/gtp_frame_rx.vhd sub00/vhpl61 1413574911
AR mig20_phy_dm_iob syn C:/Users/Justin/Dropbox/MOSES/ReferenceDesigns/fpga/source/v5coregen/mig20/user_design/rtl/mig20_phy_dm_iob.vhd sub00/vhpl05 1413574855
AR uart_rx macro_level_definition C:/Users/Justin/Dropbox/MOSES/ReferenceDesigns/fpga/source/serial/uart_rx.vhd sub00/vhpl83 1413574933
EN pciegtx_wrapper_tile NULL C:/Users/Justin/Dropbox/MOSES/ReferenceDesigns/fpga/source/v5coregen/pciegtx_wrapper/src/pciegtx_wrapper_tile.vhd sub00/vhpl30 1413574880
AR clkfwd_mod behavioral C:/Users/Justin/Dropbox/MOSES/ReferenceDesigns/fpga/source/v5clock/clkfwd_mod.vhd sub00/vhpl65 1413574915
AR pbprogf2 low_level_definition C:/Users/Justin/Dropbox/MOSES/ReferenceDesigns/fpga/source/spiFlash32/PBPROGF2.VHD sub00/vhpl97 1413574947
AR v5_emac_v1_3_block top_level C:/Users/Justin/Dropbox/MOSES/ReferenceDesigns/fpga/source/v5coregen/v5_emac_v1_3/example_design/v5_emac_v1_3_block.vhd sub00/vhpl85 1413574935
EN emac_init NULL C:/Users/Justin/Dropbox/MOSES/ReferenceDesigns/fpga/source/emac/emac_init.vhd sub01/vhpl122 1413574972
EN uart_rx NULL C:/Users/Justin/Dropbox/MOSES/ReferenceDesigns/fpga/source/serial/uart_rx.vhd sub00/vhpl82 1413574932
AR kcpsm3 low_level_definition C:/Users/Justin/Dropbox/MOSES/ReferenceDesigns/fpga/source/spiFlash32/kcpsm3.vhd sub00/vhpl91 1413574941
EN spi_module_cti NULL C:/Users/Justin/Dropbox/MOSES/ReferenceDesigns/fpga/source/spiFlash32/spi_module_cti.vhd sub00/vhpl98 1413574948
EN mig20_phy_dqs_iob NULL C:/Users/Justin/Dropbox/MOSES/ReferenceDesigns/fpga/source/v5coregen/mig20/user_design/rtl/mig20_phy_dqs_iob.vhd sub00/vhpl02 1413574852
EN plxarb NULL C:/Users/Justin/Dropbox/MOSES/ReferenceDesigns/fpga/source/plxControl/plxArb.vhd sub01/vhpl108 1413574958
AR v5_emac_v1_3 wrapper C:/Users/Justin/Dropbox/MOSES/ReferenceDesigns/fpga/source/v5coregen/v5_emac_v1_3/example_design/v5_emac_v1_3.vhd sub00/vhpl51 1413574901
AR pciegtx_wrapper rtl C:/Users/Justin/Dropbox/MOSES/ReferenceDesigns/fpga/source/v5coregen/pciegtx_wrapper/src/pciegtx_wrapper.vhd sub00/vhpl57 1413574907
AR xto1mux_32 rtl C:/Users/Justin/Dropbox/MOSES/ReferenceDesigns/fpga/source/common/Xto1Mux_32.vhd sub01/vhpl101 1413574951
EN emacicmp NULL C:/Users/Justin/Dropbox/MOSES/ReferenceDesigns/fpga/source/emac/emacICMP.vhd sub01/vhpl128 1413574978
AR plx32bitslave rtl C:/Users/Justin/Dropbox/MOSES/ReferenceDesigns/fpga/source/plxControl/plx32BitSlave.vhd sub01/vhpl105 1413574955
AR dpram32_8 dpram32_8_a C:/Users/Justin/Dropbox/MOSES/ReferenceDesigns/fpga/source/v5coregen/dpRam32_8.vhd sub01/vhpl119 1413574969
AR mig20_phy_calib_0 syn C:/Users/Justin/Dropbox/MOSES/ReferenceDesigns/fpga/source/v5coregen/mig20/user_design/rtl/mig20_phy_calib_0.vhd sub00/vhpl01 1413574851
