V3 354
FL C:/Users/Justin/Dropbox/MOSES/ReferenceDesigns/fpga/source/common/ctiUtil.vhd 2014/06/23.11:43:17 P.49d
PH work/ctiUtil 1413574886 \
      FL C:/Users/Justin/Dropbox/MOSES/ReferenceDesigns/fpga/source/common/ctiUtil.vhd \
      PB ieee/std_logic_1164 1354696159 PB ieee/NUMERIC_STD 1354696164
PB work/ctiUtil 1413574887 \
      FL C:/Users/Justin/Dropbox/MOSES/ReferenceDesigns/fpga/source/common/ctiUtil.vhd \
      PH work/ctiUtil 1413574886
FL C:/Users/Justin/Dropbox/MOSES/ReferenceDesigns/fpga/source/common/regBank_32.vhd 2014/06/23.11:43:17 P.49d
EN work/regBank_32 1413574956 \
      FL C:/Users/Justin/Dropbox/MOSES/ReferenceDesigns/fpga/source/common/regBank_32.vhd \
      PB ieee/std_logic_1164 1354696159 PB ieee/NUMERIC_STD 1354696164 \
      PB work/ctiUtil 1413574887
AR work/regBank_32/rtl 1413574957 \
      FL C:/Users/Justin/Dropbox/MOSES/ReferenceDesigns/fpga/source/common/regBank_32.vhd \
      EN work/regBank_32 1413574956 CP XTo1Mux_32
FL C:/Users/Justin/Dropbox/MOSES/ReferenceDesigns/fpga/source/common/shiftRegXX.vhd 2014/06/23.11:43:17 P.49d
EN work/shiftRegXX 1413574928 \
      FL C:/Users/Justin/Dropbox/MOSES/ReferenceDesigns/fpga/source/common/shiftRegXX.vhd \
      PB ieee/std_logic_1164 1354696159 PB ieee/NUMERIC_STD 1354696164 \
      PB work/ctiUtil 1413574887
AR work/shiftRegXX/rtl 1413574929 \
      FL C:/Users/Justin/Dropbox/MOSES/ReferenceDesigns/fpga/source/common/shiftRegXX.vhd \
      EN work/shiftRegXX 1413574928
FL C:/Users/Justin/Dropbox/MOSES/ReferenceDesigns/fpga/source/common/Xto1Mux_32.vhd 2014/06/23.11:43:17 P.49d
EN work/XTo1Mux_32 1413574950 \
      FL C:/Users/Justin/Dropbox/MOSES/ReferenceDesigns/fpga/source/common/Xto1Mux_32.vhd \
      PB ieee/std_logic_1164 1354696159 PB ieee/NUMERIC_STD 1354696164 \
      PB work/ctiUtil 1413574887
AR work/XTo1Mux_32/rtl 1413574951 \
      FL C:/Users/Justin/Dropbox/MOSES/ReferenceDesigns/fpga/source/common/Xto1Mux_32.vhd \
      EN work/XTo1Mux_32 1413574950
FL C:/Users/Justin/Dropbox/MOSES/ReferenceDesigns/fpga/source/eeprom/eepromMaster.vhd 2014/06/23.11:43:17 P.49d
EN work/eepromMaster 1413574984 \
      FL C:/Users/Justin/Dropbox/MOSES/ReferenceDesigns/fpga/source/eeprom/eepromMaster.vhd \
      PB ieee/std_logic_1164 1354696159 PB ieee/NUMERIC_STD 1354696164 \
      PB work/ctiUtil 1413574887
AR work/eepromMaster/rtl 1413574985 \
      FL C:/Users/Justin/Dropbox/MOSES/ReferenceDesigns/fpga/source/eeprom/eepromMaster.vhd \
      EN work/eepromMaster 1413574984 CP shiftRegXX
FL C:/Users/Justin/Dropbox/MOSES/ReferenceDesigns/fpga/source/emac/emacICMP.vhd 2014/06/23.11:43:17 P.49d
EN work/emacICMP 1413574978 \
      FL C:/Users/Justin/Dropbox/MOSES/ReferenceDesigns/fpga/source/emac/emacICMP.vhd \
      PB ieee/std_logic_1164 1354696159 PB ieee/std_logic_arith 1354696160 \
      PB ieee/STD_LOGIC_UNSIGNED 1354696162 LB UNISIM PH unisim/VCOMPONENTS 1354696165 \
      PB work/ctiUtil 1413574887
AR work/emacICMP/rtl 1413574979 \
      FL C:/Users/Justin/Dropbox/MOSES/ReferenceDesigns/fpga/source/emac/emacICMP.vhd \
      EN work/emacICMP 1413574978 CP dp_a256x8_b256x8 CP kcpsm3 CP ICMPProg
FL C:/Users/Justin/Dropbox/MOSES/ReferenceDesigns/fpga/source/emac/emacRx.vhd 2014/06/23.11:43:18 P.49d
EN work/emacRx 1413574976 \
      FL C:/Users/Justin/Dropbox/MOSES/ReferenceDesigns/fpga/source/emac/emacRx.vhd \
      PB ieee/std_logic_1164 1354696159 PB ieee/std_logic_arith 1354696160 \
      PB ieee/STD_LOGIC_UNSIGNED 1354696162 LB UNISIM PH unisim/VCOMPONENTS 1354696165 \
      PB work/ctiUtil 1413574887
AR work/emacRx/rtl 1413574977 \
      FL C:/Users/Justin/Dropbox/MOSES/ReferenceDesigns/fpga/source/emac/emacRx.vhd \
      EN work/emacRx 1413574976 CP dp_a32x8_b8x32
FL C:/Users/Justin/Dropbox/MOSES/ReferenceDesigns/fpga/source/emac/emacTx.vhd 2014/06/23.11:43:18 P.49d
EN work/emacTx 1413574974 \
      FL C:/Users/Justin/Dropbox/MOSES/ReferenceDesigns/fpga/source/emac/emacTx.vhd \
      PB ieee/std_logic_1164 1354696159 PB ieee/std_logic_arith 1354696160 \
      PB ieee/STD_LOGIC_UNSIGNED 1354696162 LB UNISIM PH unisim/VCOMPONENTS 1354696165 \
      PB work/ctiUtil 1413574887
AR work/emacTx/rtl 1413574975 \
      FL C:/Users/Justin/Dropbox/MOSES/ReferenceDesigns/fpga/source/emac/emacTx.vhd \
      EN work/emacTx 1413574974 CP dp_a32x8_b8x32
FL C:/Users/Justin/Dropbox/MOSES/ReferenceDesigns/fpga/source/emac/emac_init.vhd 2014/06/23.11:43:18 P.49d
EN work/emac_init 1413574972 \
      FL C:/Users/Justin/Dropbox/MOSES/ReferenceDesigns/fpga/source/emac/emac_init.vhd \
      PB ieee/std_logic_1164 1354696159 PB ieee/NUMERIC_STD 1354696164 \
      PB work/ctiUtil 1413574887
AR work/emac_init/rtl 1413574973 \
      FL C:/Users/Justin/Dropbox/MOSES/ReferenceDesigns/fpga/source/emac/emac_init.vhd \
      EN work/emac_init 1413574972
FL C:/Users/Justin/Dropbox/MOSES/ReferenceDesigns/fpga/source/emac/ICMPPROG.VHD 2014/06/23.11:43:18 P.49d
EN work/icmpprog 1413574942 \
      FL C:/Users/Justin/Dropbox/MOSES/ReferenceDesigns/fpga/source/emac/ICMPPROG.VHD \
      PB ieee/std_logic_1164 1354696159 PB ieee/std_logic_arith 1354696160 \
      PB ieee/STD_LOGIC_UNSIGNED 1354696162 LB UNISIM PH unisim/VCOMPONENTS 1354696165
AR work/icmpprog/low_level_definition 1413574943 \
      FL C:/Users/Justin/Dropbox/MOSES/ReferenceDesigns/fpga/source/emac/ICMPPROG.VHD \
      EN work/icmpprog 1413574942 CP RAMB16_S18
FL C:/Users/Justin/Dropbox/MOSES/ReferenceDesigns/fpga/source/plxControl/plx32BitMaster.vhd 2014/06/23.11:43:18 P.49d
EN work/plx32BitMaster 1413574960 \
      FL C:/Users/Justin/Dropbox/MOSES/ReferenceDesigns/fpga/source/plxControl/plx32BitMaster.vhd \
      PB ieee/std_logic_1164 1354696159 PB ieee/NUMERIC_STD 1354696164 \
      PB work/ctiUtil 1413574887
AR work/plx32BitMaster/rtl 1413574961 \
      FL C:/Users/Justin/Dropbox/MOSES/ReferenceDesigns/fpga/source/plxControl/plx32BitMaster.vhd \
      EN work/plx32BitMaster 1413574960
FL C:/Users/Justin/Dropbox/MOSES/ReferenceDesigns/fpga/source/plxControl/plx32BitSlave.vhd 2014/06/23.11:43:18 P.49d
EN work/plx32BitSlave 1413574954 \
      FL C:/Users/Justin/Dropbox/MOSES/ReferenceDesigns/fpga/source/plxControl/plx32BitSlave.vhd \
      PB ieee/std_logic_1164 1354696159 PB ieee/NUMERIC_STD 1354696164 \
      PB work/ctiUtil 1413574887
AR work/plx32BitSlave/rtl 1413574955 \
      FL C:/Users/Justin/Dropbox/MOSES/ReferenceDesigns/fpga/source/plxControl/plx32BitSlave.vhd \
      EN work/plx32BitSlave 1413574954
FL C:/Users/Justin/Dropbox/MOSES/ReferenceDesigns/fpga/source/plxControl/plxArb.vhd 2014/06/23.11:43:18 P.49d
EN work/plxArb 1413574958 \
      FL C:/Users/Justin/Dropbox/MOSES/ReferenceDesigns/fpga/source/plxControl/plxArb.vhd \
      PB ieee/std_logic_1164 1354696159 PB ieee/NUMERIC_STD 1354696164 \
      PB work/ctiUtil 1413574887
AR work/plxArb/rtl 1413574959 \
      FL C:/Users/Justin/Dropbox/MOSES/ReferenceDesigns/fpga/source/plxControl/plxArb.vhd \
      EN work/plxArb 1413574958
FL C:/Users/Justin/Dropbox/MOSES/ReferenceDesigns/fpga/source/plxControl/plxBusMonitor.vhd 2014/06/23.11:43:18 P.49d
EN work/plxBusMonitor 1413574964 \
      FL C:/Users/Justin/Dropbox/MOSES/ReferenceDesigns/fpga/source/plxControl/plxBusMonitor.vhd \
      PB ieee/std_logic_1164 1354696159
AR work/plxBusMonitor/chipscope 1413574965 \
      FL C:/Users/Justin/Dropbox/MOSES/ReferenceDesigns/fpga/source/plxControl/plxBusMonitor.vhd \
      EN work/plxBusMonitor 1413574964 CP icon01 CP ilaPlxBus
FL C:/Users/Justin/Dropbox/MOSES/ReferenceDesigns/fpga/source/plxControl/plxCfgRom.vhd 2014/06/23.11:43:18 P.49d
EN work/plxCfgRom 1413574962 \
      FL C:/Users/Justin/Dropbox/MOSES/ReferenceDesigns/fpga/source/plxControl/plxCfgRom.vhd \
      PB ieee/std_logic_1164 1354696159 PB ieee/NUMERIC_STD 1354696164 \
      PB work/ctiUtil 1413574887
AR work/plxCfgRom/rtl 1413574963 \
      FL C:/Users/Justin/Dropbox/MOSES/ReferenceDesigns/fpga/source/plxControl/plxCfgRom.vhd \
      EN work/plxCfgRom 1413574962
FL C:/Users/Justin/Dropbox/MOSES/ReferenceDesigns/fpga/source/rocketio/gtp_frame_rx.vhd 2014/06/23.11:43:18 P.49d
EN work/gtp_frame_rx 1413574910 \
      FL C:/Users/Justin/Dropbox/MOSES/ReferenceDesigns/fpga/source/rocketio/gtp_frame_rx.vhd \
      PB ieee/std_logic_1164 1354696159 PB ieee/NUMERIC_STD 1354696164 LB UNISIM \
      PH unisim/VCOMPONENTS 1354696165
AR work/gtp_frame_rx/RTL 1413574911 \
      FL C:/Users/Justin/Dropbox/MOSES/ReferenceDesigns/fpga/source/rocketio/gtp_frame_rx.vhd \
      EN work/gtp_frame_rx 1413574910 CP dpa64x8_b16x32
FL C:/Users/Justin/Dropbox/MOSES/ReferenceDesigns/fpga/source/rocketio/gtp_frame_tx.vhd 2014/06/23.11:43:19 P.49d
EN work/gtp_frame_tx 1413574908 \
      FL C:/Users/Justin/Dropbox/MOSES/ReferenceDesigns/fpga/source/rocketio/gtp_frame_tx.vhd \
      PB ieee/std_logic_1164 1354696159 PB ieee/NUMERIC_STD 1354696164 LB UNISIM \
      PH unisim/VCOMPONENTS 1354696165
AR work/gtp_frame_tx/RTL 1413574909 \
      FL C:/Users/Justin/Dropbox/MOSES/ReferenceDesigns/fpga/source/rocketio/gtp_frame_tx.vhd \
      EN work/gtp_frame_tx 1413574908 CP dpa64x8_b16x32
FL C:/Users/Justin/Dropbox/MOSES/ReferenceDesigns/fpga/source/rocketio/mgt_tester.vhd 2014/06/23.11:43:19 P.49d
EN work/mgt_tester 1413574992 \
      FL C:/Users/Justin/Dropbox/MOSES/ReferenceDesigns/fpga/source/rocketio/mgt_tester.vhd \
      PB ieee/std_logic_1164 1354696159 PB ieee/NUMERIC_STD 1354696164 LB UNISIM \
      PH unisim/VCOMPONENTS 1354696165 PB work/ctiUtil 1413574887
AR work/mgt_tester/RTL 1413574993 \
      FL C:/Users/Justin/Dropbox/MOSES/ReferenceDesigns/fpga/source/rocketio/mgt_tester.vhd \
      EN work/mgt_tester 1413574992 CP IBUFDS CP BUFG CP work/MGT_USRCLK_SOURCE_PLL \
      CP work/PCIEGTP_WRAPPER CP work/PCIEGTX_WRAPPER CP gtp_frame_tx \
      CP gtp_frame_rx
FL C:/Users/Justin/Dropbox/MOSES/ReferenceDesigns/fpga/source/rocketio/pciegtp_wrapper.vhd 2014/06/23.11:43:19 P.49d
EN work/PCIEGTP_WRAPPER 1413574904 \
      FL C:/Users/Justin/Dropbox/MOSES/ReferenceDesigns/fpga/source/rocketio/pciegtp_wrapper.vhd \
      PB ieee/std_logic_1164 1354696159 PB ieee/NUMERIC_STD 1354696164 LB UNISIM \
      PH unisim/VCOMPONENTS 1354696165
AR work/PCIEGTP_WRAPPER/RTL 1413574905 \
      FL C:/Users/Justin/Dropbox/MOSES/ReferenceDesigns/fpga/source/rocketio/pciegtp_wrapper.vhd \
      EN work/PCIEGTP_WRAPPER 1413574904 CP PCIEGTP_WRAPPER_TILE
FL C:/Users/Justin/Dropbox/MOSES/ReferenceDesigns/fpga/source/rocketio/pciegtp_wrapper_tile.vhd 2014/06/23.11:43:19 P.49d
EN work/PCIEGTP_WRAPPER_TILE 1413574882 \
      FL C:/Users/Justin/Dropbox/MOSES/ReferenceDesigns/fpga/source/rocketio/pciegtp_wrapper_tile.vhd \
      PB ieee/std_logic_1164 1354696159 PB ieee/NUMERIC_STD 1354696164 LB UNISIM \
      PH unisim/VCOMPONENTS 1354696165
AR work/PCIEGTP_WRAPPER_TILE/RTL 1413574883 \
      FL C:/Users/Justin/Dropbox/MOSES/ReferenceDesigns/fpga/source/rocketio/pciegtp_wrapper_tile.vhd \
      EN work/PCIEGTP_WRAPPER_TILE 1413574882 CP GTP_DUAL
FL C:/Users/Justin/Dropbox/MOSES/ReferenceDesigns/fpga/source/serial/bbfifo_16x8.vhd 2014/06/23.11:43:19 P.49d
EN work/bbfifo_16x8 1413574890 \
      FL C:/Users/Justin/Dropbox/MOSES/ReferenceDesigns/fpga/source/serial/bbfifo_16x8.vhd \
      PB ieee/std_logic_1164 1354696159 PB ieee/std_logic_arith 1354696160 \
      PB ieee/STD_LOGIC_UNSIGNED 1354696162 LB UNISIM PH unisim/VCOMPONENTS 1354696165
AR work/bbfifo_16x8/low_level_definition 1413574891 \
      FL C:/Users/Justin/Dropbox/MOSES/ReferenceDesigns/fpga/source/serial/bbfifo_16x8.vhd \
      EN work/bbfifo_16x8 1413574890 CP string CP label CP SRL16E CP FDRE CP LUT4 \
      CP MUXCY CP XORCY CP FDR CP LUT3
FL C:/Users/Justin/Dropbox/MOSES/ReferenceDesigns/fpga/source/serial/kcuart_rx.vhd 2014/06/23.11:43:19 P.49d
EN work/kcuart_rx 1413574888 \
      FL C:/Users/Justin/Dropbox/MOSES/ReferenceDesigns/fpga/source/serial/kcuart_rx.vhd \
      PB ieee/std_logic_1164 1354696159 PB ieee/std_logic_arith 1354696160 \
      PB ieee/STD_LOGIC_UNSIGNED 1354696162 LB UNISIM PH unisim/VCOMPONENTS 1354696165
AR work/kcuart_rx/low_level_definition 1413574889 \
      FL C:/Users/Justin/Dropbox/MOSES/ReferenceDesigns/fpga/source/serial/kcuart_rx.vhd \
      EN work/kcuart_rx 1413574888 CP FD CP string CP label CP SRL16E CP FDE CP LUT4 \
      CP LUT3 CP LUT2
FL C:/Users/Justin/Dropbox/MOSES/ReferenceDesigns/fpga/source/serial/kcuart_tx.vhd 2014/06/23.11:43:19 P.49d
EN work/kcuart_tx 1413574892 \
      FL C:/Users/Justin/Dropbox/MOSES/ReferenceDesigns/fpga/source/serial/kcuart_tx.vhd \
      PB ieee/std_logic_1164 1354696159 PB ieee/std_logic_arith 1354696160 \
      PB ieee/STD_LOGIC_UNSIGNED 1354696162 LB UNISIM PH unisim/VCOMPONENTS 1354696165
AR work/kcuart_tx/low_level_definition 1413574893 \
      FL C:/Users/Justin/Dropbox/MOSES/ReferenceDesigns/fpga/source/serial/kcuart_tx.vhd \
      EN work/kcuart_tx 1413574892 CP LUT4 CP MUXF5 CP MUXF6 CP FDRS CP string \
      CP label CP FDRE CP LUT2 CP MULT_AND CP MUXCY CP XORCY CP LUT3 CP FDE CP SRL16E \
      CP FD
FL C:/Users/Justin/Dropbox/MOSES/ReferenceDesigns/fpga/source/serial/serialSimple.vhd 2014/06/23.11:43:19 P.49d
EN work/serialSimple 1413574982 \
      FL C:/Users/Justin/Dropbox/MOSES/ReferenceDesigns/fpga/source/serial/serialSimple.vhd \
      PB ieee/std_logic_1164 1354696159 PB ieee/NUMERIC_STD 1354696164 LB UNISIM \
      PH unisim/VCOMPONENTS 1354696165 PB work/ctiUtil 1413574887
AR work/serialSimple/rtl 1413574983 \
      FL C:/Users/Justin/Dropbox/MOSES/ReferenceDesigns/fpga/source/serial/serialSimple.vhd \
      EN work/serialSimple 1413574982 CP uart_tx_plus CP uart_rx
FL C:/Users/Justin/Dropbox/MOSES/ReferenceDesigns/fpga/source/serial/uart_rx.vhd 2014/06/23.11:43:19 P.49d
EN work/uart_rx 1413574932 \
      FL C:/Users/Justin/Dropbox/MOSES/ReferenceDesigns/fpga/source/serial/uart_rx.vhd \
      PB ieee/std_logic_1164 1354696159 PB ieee/std_logic_arith 1354696160 \
      PB ieee/STD_LOGIC_UNSIGNED 1354696162 LB UNISIM PH unisim/VCOMPONENTS 1354696165
AR work/uart_rx/macro_level_definition 1413574933 \
      FL C:/Users/Justin/Dropbox/MOSES/ReferenceDesigns/fpga/source/serial/uart_rx.vhd \
      EN work/uart_rx 1413574932 CP kcuart_rx CP bbfifo_16x8
FL C:/Users/Justin/Dropbox/MOSES/ReferenceDesigns/fpga/source/serial/uart_tx_plus.vhd 2014/06/23.11:43:19 P.49d
EN work/uart_tx_plus 1413574930 \
      FL C:/Users/Justin/Dropbox/MOSES/ReferenceDesigns/fpga/source/serial/uart_tx_plus.vhd \
      PB ieee/std_logic_1164 1354696159 PB ieee/std_logic_arith 1354696160 \
      PB ieee/STD_LOGIC_UNSIGNED 1354696162 LB UNISIM PH unisim/VCOMPONENTS 1354696165
AR work/uart_tx_plus/macro_level_definition 1413574931 \
      FL C:/Users/Justin/Dropbox/MOSES/ReferenceDesigns/fpga/source/serial/uart_tx_plus.vhd \
      EN work/uart_tx_plus 1413574930 CP kcuart_tx CP bbfifo_16x8
FL C:/Users/Justin/Dropbox/MOSES/ReferenceDesigns/fpga/source/spiFlash32/ctiSPIf2.vhd 2014/06/23.11:43:19 P.49d
EN work/plxSPIf2 1413574966 \
      FL C:/Users/Justin/Dropbox/MOSES/ReferenceDesigns/fpga/source/spiFlash32/ctiSPIf2.vhd \
      PB ieee/std_logic_1164 1354696159 PB ieee/std_logic_arith 1354696160 \
      PB ieee/STD_LOGIC_UNSIGNED 1354696162 LB UNISIM PH unisim/VCOMPONENTS 1354696165 \
      PB work/ctiUtil 1413574887
AR work/plxSPIf2/Behavioral 1413574967 \
      FL C:/Users/Justin/Dropbox/MOSES/ReferenceDesigns/fpga/source/spiFlash32/ctiSPIf2.vhd \
      EN work/plxSPIf2 1413574966 CP kcpsm3 CP pbProgf2 CP bbfifo_16x8 \
      CP work/spi_module_cti
FL C:/Users/Justin/Dropbox/MOSES/ReferenceDesigns/fpga/source/spiFlash32/kcpsm3.vhd 2014/06/23.11:43:19 P.49d
EN work/kcpsm3 1413574940 \
      FL C:/Users/Justin/Dropbox/MOSES/ReferenceDesigns/fpga/source/spiFlash32/kcpsm3.vhd \
      PB ieee/std_logic_1164 1354696159 PB ieee/std_logic_arith 1354696160 \
      PB ieee/STD_LOGIC_UNSIGNED 1354696162 LB UNISIM PH unisim/VCOMPONENTS 1354696165
AR work/kcpsm3/low_level_definition 1413574941 \
      FL C:/Users/Justin/Dropbox/MOSES/ReferenceDesigns/fpga/source/spiFlash32/kcpsm3.vhd \
      EN work/kcpsm3 1413574940 CP LUT1 CP FDR CP FDS CP LUT4 CP FD CP FDE CP LUT3 \
      CP FDRE CP LUT2 CP MUXCY CP XORCY CP INV CP string CP label CP FDRSE CP RAM16X1D \
      CP RAM64X1S CP MUXF5 CP RAM32X1S
FL C:/Users/Justin/Dropbox/MOSES/ReferenceDesigns/fpga/source/spiFlash32/PBPROGF2.VHD 2014/06/23.11:43:22 P.49d
EN work/pbprogf2 1413574946 \
      FL C:/Users/Justin/Dropbox/MOSES/ReferenceDesigns/fpga/source/spiFlash32/PBPROGF2.VHD \
      PB ieee/std_logic_1164 1354696159 PB ieee/std_logic_arith 1354696160 \
      PB ieee/STD_LOGIC_UNSIGNED 1354696162 LB UNISIM PH unisim/VCOMPONENTS 1354696165
AR work/pbprogf2/low_level_definition 1413574947 \
      FL C:/Users/Justin/Dropbox/MOSES/ReferenceDesigns/fpga/source/spiFlash32/PBPROGF2.VHD \
      EN work/pbprogf2 1413574946 CP RAMB16_S18
FL C:/Users/Justin/Dropbox/MOSES/ReferenceDesigns/fpga/source/spiFlash32/spi_module_cti.vhd 2014/06/23.11:43:22 P.49d
EN work/spi_module_cti 1413574948 \
      FL C:/Users/Justin/Dropbox/MOSES/ReferenceDesigns/fpga/source/spiFlash32/spi_module_cti.vhd \
      PB ieee/std_logic_1164 1354696159 PB ieee/std_logic_arith 1354696160 \
      PB ieee/STD_LOGIC_UNSIGNED 1354696162 PB ieee/NUMERIC_STD 1354696164 \
      LB UNISIM PH unisim/VCOMPONENTS 1354696165
AR work/spi_module_cti/imp 1413574949 \
      FL C:/Users/Justin/Dropbox/MOSES/ReferenceDesigns/fpga/source/spiFlash32/spi_module_cti.vhd \
      EN work/spi_module_cti 1413574948 CP FD
FL C:/Users/Justin/Dropbox/MOSES/ReferenceDesigns/fpga/source/topRefDesign/ref_design.vhd 2014/06/23.11:43:22 P.49d
EN work/ref_design 1413574994 \
      FL C:/Users/Justin/Dropbox/MOSES/ReferenceDesigns/fpga/source/topRefDesign/ref_design.vhd \
      PB ieee/std_logic_1164 1354696159 PB ieee/NUMERIC_STD 1354696164 LB UNISIM \
      PH unisim/VCOMPONENTS 1354696165 PB work/ffpci104_pkg 1413574953 \
      PB work/ctiUtil 1413574887
AR work/ref_design/rtl 1413574995 \
      FL C:/Users/Justin/Dropbox/MOSES/ReferenceDesigns/fpga/source/topRefDesign/ref_design.vhd \
      EN work/ref_design 1413574994 CP plx32BitSlave CP regBank_32 CP plxArb \
      CP plx32BitMaster CP plxCfgRom CP plxBusMonitor CP work/plxSPIf2 CP dpRam32_8 \
      CP v5internalConfig CP STARTUP_VIRTEX5 CP emac_init CP BUFG CP work/emacTx \
      CP work/emacRx CP work/emacICMP CP work/v5_emac_v1_3_locallink \
      CP serialSimple CP eepromMaster CP mig20_app CP work/ddr2_interface \
      CP clkControlMem CP work/mgt_tester
FL C:/Users/Justin/Dropbox/MOSES/ReferenceDesigns/fpga/source/topRefDesign/ref_design_fcg006rd_pkg.vhd 2014/06/23.11:43:22 P.49d
PH work/ffpci104_pkg 1413574952 \
      FL C:/Users/Justin/Dropbox/MOSES/ReferenceDesigns/fpga/source/topRefDesign/ref_design_fcg006rd_pkg.vhd \
      PB ieee/std_logic_1164 1354696159 PB ieee/NUMERIC_STD 1354696164
PB work/ffpci104_pkg 1413574953 \
      FL C:/Users/Justin/Dropbox/MOSES/ReferenceDesigns/fpga/source/topRefDesign/ref_design_fcg006rd_pkg.vhd \
      PH work/ffpci104_pkg 1413574952
FL C:/Users/Justin/Dropbox/MOSES/ReferenceDesigns/fpga/source/v5clock/clkControlMem.vhd 2014/06/23.11:43:26 P.49d
EN work/clkControlMem 1413574990 \
      FL C:/Users/Justin/Dropbox/MOSES/ReferenceDesigns/fpga/source/v5clock/clkControlMem.vhd \
      PB ieee/std_logic_1164 1354696159 PB ieee/std_logic_arith 1354696160 \
      PB ieee/STD_LOGIC_UNSIGNED 1354696162 LB UNISIM PH unisim/VCOMPONENTS 1354696165 \
      PB work/ctiUtil 1413574887
AR work/clkControlMem/Behavioral 1413574991 \
      FL C:/Users/Justin/Dropbox/MOSES/ReferenceDesigns/fpga/source/v5clock/clkControlMem.vhd \
      EN work/clkControlMem 1413574990 CP gen200mhz CP clkfwd_mod CP lclkDeskew
FL C:/Users/Justin/Dropbox/MOSES/ReferenceDesigns/fpga/source/v5clock/clkfwd_mod.vhd 2014/06/23.11:43:26 P.49d
EN work/clkfwd_mod 1413574914 \
      FL C:/Users/Justin/Dropbox/MOSES/ReferenceDesigns/fpga/source/v5clock/clkfwd_mod.vhd \
      PB ieee/std_logic_1164 1354696159 PB ieee/NUMERIC_STD 1354696164 LB UNISIM \
      PH unisim/VCOMPONENTS 1354696165
AR work/clkfwd_mod/BEHAVIORAL 1413574915 \
      FL C:/Users/Justin/Dropbox/MOSES/ReferenceDesigns/fpga/source/v5clock/clkfwd_mod.vhd \
      EN work/clkfwd_mod 1413574914 CP IBUFG CP BUFG CP DCM_ADV CP ODDR
FL C:/Users/Justin/Dropbox/MOSES/ReferenceDesigns/fpga/source/v5config/v5InternalConfig.vhd 2014/06/23.11:43:26 P.49d
EN work/v5InternalConfig 1413574970 \
      FL C:/Users/Justin/Dropbox/MOSES/ReferenceDesigns/fpga/source/v5config/v5InternalConfig.vhd \
      PB ieee/std_logic_1164 1354696159 PB ieee/NUMERIC_STD 1354696164 LB UNISIM \
      PH unisim/VCOMPONENTS 1354696165 PB work/ctiUtil 1413574887
AR work/v5InternalConfig/rtl 1413574971 \
      FL C:/Users/Justin/Dropbox/MOSES/ReferenceDesigns/fpga/source/v5config/v5InternalConfig.vhd \
      EN work/v5InternalConfig 1413574970 CP ICAP_VIRTEX5
FL C:/Users/Justin/Dropbox/MOSES/ReferenceDesigns/fpga/source/v5coregen/dpa64x8_b16x32.vhd 2014/06/23.11:43:27 P.49d
EN work/dpa64x8_b16x32 1413574878 \
      FL C:/Users/Justin/Dropbox/MOSES/ReferenceDesigns/fpga/source/v5coregen/dpa64x8_b16x32.vhd \
      PB ieee/std_logic_1164 1354696159
AR work/dpa64x8_b16x32/dpa64x8_b16x32_a 1413574879 \
      FL C:/Users/Justin/Dropbox/MOSES/ReferenceDesigns/fpga/source/v5coregen/dpa64x8_b16x32.vhd \
      EN work/dpa64x8_b16x32 1413574878
FL C:/Users/Justin/Dropbox/MOSES/ReferenceDesigns/fpga/source/v5coregen/dpRam32_8.vhd 2014/06/23.11:43:27 P.49d
EN work/dpRam32_8 1413574968 \
      FL C:/Users/Justin/Dropbox/MOSES/ReferenceDesigns/fpga/source/v5coregen/dpRam32_8.vhd \
      PB ieee/std_logic_1164 1354696159
AR work/dpRam32_8/dpRam32_8_a 1413574969 \
      FL C:/Users/Justin/Dropbox/MOSES/ReferenceDesigns/fpga/source/v5coregen/dpRam32_8.vhd \
      EN work/dpRam32_8 1413574968
FL C:/Users/Justin/Dropbox/MOSES/ReferenceDesigns/fpga/source/v5coregen/dp_32_64.vhd 2014/06/23.11:43:27 P.49d
EN work/dp_32_64 1413574920 \
      FL C:/Users/Justin/Dropbox/MOSES/ReferenceDesigns/fpga/source/v5coregen/dp_32_64.vhd \
      PB ieee/std_logic_1164 1354696159
AR work/dp_32_64/dp_32_64_a 1413574921 \
      FL C:/Users/Justin/Dropbox/MOSES/ReferenceDesigns/fpga/source/v5coregen/dp_32_64.vhd \
      EN work/dp_32_64 1413574920
FL C:/Users/Justin/Dropbox/MOSES/ReferenceDesigns/fpga/source/v5coregen/dp_a256x8_b256x8.vhd 2014/06/23.11:43:27 P.49d
EN work/dp_a256x8_b256x8 1413574938 \
      FL C:/Users/Justin/Dropbox/MOSES/ReferenceDesigns/fpga/source/v5coregen/dp_a256x8_b256x8.vhd \
      PB ieee/std_logic_1164 1354696159
AR work/dp_a256x8_b256x8/dp_a256x8_b256x8_a 1413574939 \
      FL C:/Users/Justin/Dropbox/MOSES/ReferenceDesigns/fpga/source/v5coregen/dp_a256x8_b256x8.vhd \
      EN work/dp_a256x8_b256x8 1413574938
FL C:/Users/Justin/Dropbox/MOSES/ReferenceDesigns/fpga/source/v5coregen/dp_a32x8_b8x32.vhd 2014/06/23.11:43:28 P.49d
EN work/dp_a32x8_b8x32 1413574944 \
      FL C:/Users/Justin/Dropbox/MOSES/ReferenceDesigns/fpga/source/v5coregen/dp_a32x8_b8x32.vhd \
      PB ieee/std_logic_1164 1354696159
AR work/dp_a32x8_b8x32/dp_a32x8_b8x32_a 1413574945 \
      FL C:/Users/Justin/Dropbox/MOSES/ReferenceDesigns/fpga/source/v5coregen/dp_a32x8_b8x32.vhd \
      EN work/dp_a32x8_b8x32 1413574944
FL C:/Users/Justin/Dropbox/MOSES/ReferenceDesigns/fpga/source/v5coregen/fifo_42x16.vhd 2014/06/23.11:43:28 P.49d
EN work/fifo_42x16 1413574918 \
      FL C:/Users/Justin/Dropbox/MOSES/ReferenceDesigns/fpga/source/v5coregen/fifo_42x16.vhd \
      PB ieee/std_logic_1164 1354696159
AR work/fifo_42x16/fifo_42x16_a 1413574919 \
      FL C:/Users/Justin/Dropbox/MOSES/ReferenceDesigns/fpga/source/v5coregen/fifo_42x16.vhd \
      EN work/fifo_42x16 1413574918
FL C:/Users/Justin/Dropbox/MOSES/ReferenceDesigns/fpga/source/v5coregen/gen200Mhz.vhd 2014/06/23.11:43:28 P.49d
EN work/gen200Mhz 1413574912 \
      FL C:/Users/Justin/Dropbox/MOSES/ReferenceDesigns/fpga/source/v5coregen/gen200Mhz.vhd \
      PB ieee/std_logic_1164 1354696159 PB ieee/NUMERIC_STD 1354696164 LB UNISIM \
      PH unisim/VCOMPONENTS 1354696165
AR work/gen200Mhz/BEHAVIORAL 1413574913 \
      FL C:/Users/Justin/Dropbox/MOSES/ReferenceDesigns/fpga/source/v5coregen/gen200Mhz.vhd \
      EN work/gen200Mhz 1413574912 CP BUFG CP IBUFGDS CP DCM_ADV
FL C:/Users/Justin/Dropbox/MOSES/ReferenceDesigns/fpga/source/v5coregen/lclkDeskew.vhd 2014/06/23.11:43:29 P.49d
EN work/lclkDeskew 1413574916 \
      FL C:/Users/Justin/Dropbox/MOSES/ReferenceDesigns/fpga/source/v5coregen/lclkDeskew.vhd \
      PB ieee/std_logic_1164 1354696159 PB ieee/NUMERIC_STD 1354696164 LB UNISIM \
      PH unisim/VCOMPONENTS 1354696165
AR work/lclkDeskew/BEHAVIORAL 1413574917 \
      FL C:/Users/Justin/Dropbox/MOSES/ReferenceDesigns/fpga/source/v5coregen/lclkDeskew.vhd \
      EN work/lclkDeskew 1413574916 CP IBUFG CP BUFG CP DCM_ADV
FL C:/Users/Justin/Dropbox/MOSES/ReferenceDesigns/fpga/source/v5coregen/mig20/user_design/rtl/ddr2_interface.vhd 2014/06/23.11:43:30 P.49d
EN work/ddr2_interface 1413574988 \
      FL C:/Users/Justin/Dropbox/MOSES/ReferenceDesigns/fpga/source/v5coregen/mig20/user_design/rtl/ddr2_interface.vhd \
      PB ieee/std_logic_1164 1354696159 PB ieee/NUMERIC_STD 1354696164 LB UNISIM \
      PH unisim/VCOMPONENTS 1354696165
AR work/ddr2_interface/rtl 1413574989 \
      FL C:/Users/Justin/Dropbox/MOSES/ReferenceDesigns/fpga/source/v5coregen/mig20/user_design/rtl/ddr2_interface.vhd \
      EN work/ddr2_interface 1413574988 CP fifo_42x16 CP dp_32_64
FL C:/Users/Justin/Dropbox/MOSES/ReferenceDesigns/fpga/source/v5coregen/mig20/user_design/rtl/mig20_app.vhd 2014/06/23.11:43:30 P.49d
EN work/mig20_app 1413574986 \
      FL C:/Users/Justin/Dropbox/MOSES/ReferenceDesigns/fpga/source/v5coregen/mig20/user_design/rtl/mig20_app.vhd \
      PB ieee/std_logic_1164 1354696159
AR work/mig20_app/arc_mem_interface_top 1413574987 \
      FL C:/Users/Justin/Dropbox/MOSES/ReferenceDesigns/fpga/source/v5coregen/mig20/user_design/rtl/mig20_app.vhd \
      EN work/mig20_app 1413574986 CP mig20_idelay_ctrl CP mig20_infrastructure \
      CP mig20_ddr2_top_0 CP icon4 CP vio_async_in256 CP vio_async_in64 CP ila160_8 \
      CP vio_sync_out32
FL C:/Users/Justin/Dropbox/MOSES/ReferenceDesigns/fpga/source/v5coregen/mig20/user_design/rtl/mig20_ctrl_0.vhd 2014/06/23.11:43:30 P.49d
EN work/mig20_ctrl_0 1413574876 \
      FL C:/Users/Justin/Dropbox/MOSES/ReferenceDesigns/fpga/source/v5coregen/mig20/user_design/rtl/mig20_ctrl_0.vhd \
      PB ieee/std_logic_1164 1354696159 PB ieee/NUMERIC_STD 1354696164
AR work/mig20_ctrl_0/syn 1413574877 \
      FL C:/Users/Justin/Dropbox/MOSES/ReferenceDesigns/fpga/source/v5coregen/mig20/user_design/rtl/mig20_ctrl_0.vhd \
      EN work/mig20_ctrl_0 1413574876
FL C:/Users/Justin/Dropbox/MOSES/ReferenceDesigns/fpga/source/v5coregen/mig20/user_design/rtl/mig20_ddr2_top_0.vhd 2014/06/23.11:43:31 P.49d
EN work/mig20_ddr2_top_0 1413574926 \
      FL C:/Users/Justin/Dropbox/MOSES/ReferenceDesigns/fpga/source/v5coregen/mig20/user_design/rtl/mig20_ddr2_top_0.vhd \
      PB ieee/std_logic_1164 1354696159
AR work/mig20_ddr2_top_0/syn 1413574927 \
      FL C:/Users/Justin/Dropbox/MOSES/ReferenceDesigns/fpga/source/v5coregen/mig20/user_design/rtl/mig20_ddr2_top_0.vhd \
      EN work/mig20_ddr2_top_0 1413574926 CP mig20_mem_if_top_0
FL C:/Users/Justin/Dropbox/MOSES/ReferenceDesigns/fpga/source/v5coregen/mig20/user_design/rtl/mig20_idelay_ctrl.vhd 2014/06/23.11:43:31 P.49d
EN work/mig20_idelay_ctrl 1413574922 \
      FL C:/Users/Justin/Dropbox/MOSES/ReferenceDesigns/fpga/source/v5coregen/mig20/user_design/rtl/mig20_idelay_ctrl.vhd \
      PB ieee/std_logic_1164 1354696159 LB UNISIM PH unisim/VCOMPONENTS 1354696165
AR work/mig20_idelay_ctrl/syn 1413574923 \
      FL C:/Users/Justin/Dropbox/MOSES/ReferenceDesigns/fpga/source/v5coregen/mig20/user_design/rtl/mig20_idelay_ctrl.vhd \
      EN work/mig20_idelay_ctrl 1413574922 CP IDELAYCTRL
FL C:/Users/Justin/Dropbox/MOSES/ReferenceDesigns/fpga/source/v5coregen/mig20/user_design/rtl/mig20_infrastructure.vhd 2014/06/23.11:43:31 P.49d
EN work/mig20_infrastructure 1413574924 \
      FL C:/Users/Justin/Dropbox/MOSES/ReferenceDesigns/fpga/source/v5coregen/mig20/user_design/rtl/mig20_infrastructure.vhd \
      PB ieee/std_logic_1164 1354696159 LB UNISIM PH unisim/VCOMPONENTS 1354696165
AR work/mig20_infrastructure/syn 1413574925 \
      FL C:/Users/Justin/Dropbox/MOSES/ReferenceDesigns/fpga/source/v5coregen/mig20/user_design/rtl/mig20_infrastructure.vhd \
      EN work/mig20_infrastructure 1413574924 CP DCM_BASE CP BUFG
FL C:/Users/Justin/Dropbox/MOSES/ReferenceDesigns/fpga/source/v5coregen/mig20/user_design/rtl/mig20_mem_if_top_0.vhd 2014/06/23.11:43:31 P.49d
EN work/mig20_mem_if_top_0 1413574884 \
      FL C:/Users/Justin/Dropbox/MOSES/ReferenceDesigns/fpga/source/v5coregen/mig20/user_design/rtl/mig20_mem_if_top_0.vhd \
      PB ieee/std_logic_1164 1354696159
AR work/mig20_mem_if_top_0/syn 1413574885 \
      FL C:/Users/Justin/Dropbox/MOSES/ReferenceDesigns/fpga/source/v5coregen/mig20/user_design/rtl/mig20_mem_if_top_0.vhd \
      EN work/mig20_mem_if_top_0 1413574884 CP mig20_phy_top_0 CP mig20_usr_top_0 \
      CP mig20_ctrl_0
FL C:/Users/Justin/Dropbox/MOSES/ReferenceDesigns/fpga/source/v5coregen/mig20/user_design/rtl/mig20_phy_calib_0.vhd 2014/06/23.11:43:31 P.49d
EN work/mig20_phy_calib_0 1413574850 \
      FL C:/Users/Justin/Dropbox/MOSES/ReferenceDesigns/fpga/source/v5coregen/mig20/user_design/rtl/mig20_phy_calib_0.vhd \
      PB ieee/std_logic_1164 1354696159 PB ieee/NUMERIC_STD 1354696164 LB UNISIM \
      PH unisim/VCOMPONENTS 1354696165
AR work/mig20_phy_calib_0/syn 1413574851 \
      FL C:/Users/Justin/Dropbox/MOSES/ReferenceDesigns/fpga/source/v5coregen/mig20/user_design/rtl/mig20_phy_calib_0.vhd \
      EN work/mig20_phy_calib_0 1413574850 CP label CP FD CP SRLC32E \
      CP std_logic_vector
FL C:/Users/Justin/Dropbox/MOSES/ReferenceDesigns/fpga/source/v5coregen/mig20/user_design/rtl/mig20_phy_ctl_io_0.vhd 2014/06/23.11:43:31 P.49d
EN work/mig20_phy_ctl_io_0 1413574868 \
      FL C:/Users/Justin/Dropbox/MOSES/ReferenceDesigns/fpga/source/v5coregen/mig20/user_design/rtl/mig20_phy_ctl_io_0.vhd \
      PB ieee/std_logic_1164 1354696159 LB UNISIM PH unisim/VCOMPONENTS 1354696165
AR work/mig20_phy_ctl_io_0/syn 1413574869 \
      FL C:/Users/Justin/Dropbox/MOSES/ReferenceDesigns/fpga/source/v5coregen/mig20/user_design/rtl/mig20_phy_ctl_io_0.vhd \
      EN work/mig20_phy_ctl_io_0 1413574868 CP FDCPE CP label
FL C:/Users/Justin/Dropbox/MOSES/ReferenceDesigns/fpga/source/v5coregen/mig20/user_design/rtl/mig20_phy_dm_iob.vhd 2014/06/23.11:43:31 P.49d
EN work/mig20_phy_dm_iob 1413574854 \
      FL C:/Users/Justin/Dropbox/MOSES/ReferenceDesigns/fpga/source/v5coregen/mig20/user_design/rtl/mig20_phy_dm_iob.vhd \
      PB ieee/std_logic_1164 1354696159 LB UNISIM PH unisim/VCOMPONENTS 1354696165
AR work/mig20_phy_dm_iob/syn 1413574855 \
      FL C:/Users/Justin/Dropbox/MOSES/ReferenceDesigns/fpga/source/v5coregen/mig20/user_design/rtl/mig20_phy_dm_iob.vhd \
      EN work/mig20_phy_dm_iob 1413574854 CP FDPE_1 CP ODDR CP OBUF
FL C:/Users/Justin/Dropbox/MOSES/ReferenceDesigns/fpga/source/v5coregen/mig20/user_design/rtl/mig20_phy_dqs_iob.vhd 2014/06/23.11:43:31 P.49d
EN work/mig20_phy_dqs_iob 1413574852 \
      FL C:/Users/Justin/Dropbox/MOSES/ReferenceDesigns/fpga/source/v5coregen/mig20/user_design/rtl/mig20_phy_dqs_iob.vhd \
      PB ieee/std_logic_1164 1354696159 LB UNISIM PH unisim/VCOMPONENTS 1354696165
AR work/mig20_phy_dqs_iob/syn 1413574853 \
      FL C:/Users/Justin/Dropbox/MOSES/ReferenceDesigns/fpga/source/v5coregen/mig20/user_design/rtl/mig20_phy_dqs_iob.vhd \
      EN work/mig20_phy_dqs_iob 1413574852 CP IODELAY CP BUFIO CP IDDR CP ODDR CP FDP \
      CP IOBUFDS CP IOBUF
FL C:/Users/Justin/Dropbox/MOSES/ReferenceDesigns/fpga/source/v5coregen/mig20/user_design/rtl/mig20_phy_dq_iob.vhd 2014/06/23.11:43:31 P.49d
EN work/mig20_phy_dq_iob 1413574856 \
      FL C:/Users/Justin/Dropbox/MOSES/ReferenceDesigns/fpga/source/v5coregen/mig20/user_design/rtl/mig20_phy_dq_iob.vhd \
      PB ieee/std_logic_1164 1354696159 LB UNISIM PH unisim/VCOMPONENTS 1354696165
AR work/mig20_phy_dq_iob/syn 1413574857 \
      FL C:/Users/Justin/Dropbox/MOSES/ReferenceDesigns/fpga/source/v5coregen/mig20/user_design/rtl/mig20_phy_dq_iob.vhd \
      EN work/mig20_phy_dq_iob 1413574856 CP IOBUF CP ODDR CP IODELAY CP label \
      CP IDDR CP FDC CP FDC_1 CP CARRY4 CP LUT6_2
FL C:/Users/Justin/Dropbox/MOSES/ReferenceDesigns/fpga/source/v5coregen/mig20/user_design/rtl/mig20_phy_init_0.vhd 2014/06/23.11:43:31 P.49d
EN work/mig20_phy_init_0 1413574870 \
      FL C:/Users/Justin/Dropbox/MOSES/ReferenceDesigns/fpga/source/v5coregen/mig20/user_design/rtl/mig20_phy_init_0.vhd \
      PB ieee/std_logic_1164 1354696159 PB ieee/NUMERIC_STD 1354696164 LB UNISIM \
      PH unisim/VCOMPONENTS 1354696165
AR work/mig20_phy_init_0/syn 1413574871 \
      FL C:/Users/Justin/Dropbox/MOSES/ReferenceDesigns/fpga/source/v5coregen/mig20/user_design/rtl/mig20_phy_init_0.vhd \
      EN work/mig20_phy_init_0 1413574870 CP FD
FL C:/Users/Justin/Dropbox/MOSES/ReferenceDesigns/fpga/source/v5coregen/mig20/user_design/rtl/mig20_phy_io_0.vhd 2014/06/23.11:43:31 P.49d
EN work/mig20_phy_io_0 1413574866 \
      FL C:/Users/Justin/Dropbox/MOSES/ReferenceDesigns/fpga/source/v5coregen/mig20/user_design/rtl/mig20_phy_io_0.vhd \
      PB ieee/std_logic_1164 1354696159 PB ieee/NUMERIC_STD 1354696164 LB UNISIM \
      PH unisim/VCOMPONENTS 1354696165
AR work/mig20_phy_io_0/syn 1413574867 \
      FL C:/Users/Justin/Dropbox/MOSES/ReferenceDesigns/fpga/source/v5coregen/mig20/user_design/rtl/mig20_phy_io_0.vhd \
      EN work/mig20_phy_io_0 1413574866 CP mig20_phy_calib_0 CP ODDR CP OBUFDS \
      CP mig20_phy_dqs_iob CP mig20_phy_dm_iob CP mig20_phy_dq_iob
FL C:/Users/Justin/Dropbox/MOSES/ReferenceDesigns/fpga/source/v5coregen/mig20/user_design/rtl/mig20_phy_top_0.vhd 2014/06/23.11:43:31 P.49d
EN work/mig20_phy_top_0 1413574872 \
      FL C:/Users/Justin/Dropbox/MOSES/ReferenceDesigns/fpga/source/v5coregen/mig20/user_design/rtl/mig20_phy_top_0.vhd \
      PB ieee/std_logic_1164 1354696159
AR work/mig20_phy_top_0/syn 1413574873 \
      FL C:/Users/Justin/Dropbox/MOSES/ReferenceDesigns/fpga/source/v5coregen/mig20/user_design/rtl/mig20_phy_top_0.vhd \
      EN work/mig20_phy_top_0 1413574872 CP mig20_phy_write_0 CP mig20_phy_io_0 \
      CP mig20_phy_ctl_io_0 CP mig20_phy_init_0
FL C:/Users/Justin/Dropbox/MOSES/ReferenceDesigns/fpga/source/v5coregen/mig20/user_design/rtl/mig20_phy_write_0.vhd 2014/06/23.11:43:31 P.49d
EN work/mig20_phy_write_0 1413574864 \
      FL C:/Users/Justin/Dropbox/MOSES/ReferenceDesigns/fpga/source/v5coregen/mig20/user_design/rtl/mig20_phy_write_0.vhd \
      PB ieee/std_logic_1164 1354696159 PB ieee/NUMERIC_STD 1354696164
AR work/mig20_phy_write_0/syn 1413574865 \
      FL C:/Users/Justin/Dropbox/MOSES/ReferenceDesigns/fpga/source/v5coregen/mig20/user_design/rtl/mig20_phy_write_0.vhd \
      EN work/mig20_phy_write_0 1413574864
FL C:/Users/Justin/Dropbox/MOSES/ReferenceDesigns/fpga/source/v5coregen/mig20/user_design/rtl/mig20_usr_addr_fifo_0.vhd 2014/06/23.11:43:31 P.49d
EN work/mig20_usr_addr_fifo_0 1413574860 \
      FL C:/Users/Justin/Dropbox/MOSES/ReferenceDesigns/fpga/source/v5coregen/mig20/user_design/rtl/mig20_usr_addr_fifo_0.vhd \
      PB ieee/std_logic_1164 1354696159 LB UNISIM PH unisim/VCOMPONENTS 1354696165
AR work/mig20_usr_addr_fifo_0/syn 1413574861 \
      FL C:/Users/Justin/Dropbox/MOSES/ReferenceDesigns/fpga/source/v5coregen/mig20/user_design/rtl/mig20_usr_addr_fifo_0.vhd \
      EN work/mig20_usr_addr_fifo_0 1413574860 CP FIFO36
FL C:/Users/Justin/Dropbox/MOSES/ReferenceDesigns/fpga/source/v5coregen/mig20/user_design/rtl/mig20_usr_rd_0.vhd 2014/06/23.11:43:32 P.49d
EN work/mig20_usr_rd_0 1413574858 \
      FL C:/Users/Justin/Dropbox/MOSES/ReferenceDesigns/fpga/source/v5coregen/mig20/user_design/rtl/mig20_usr_rd_0.vhd \
      PB ieee/std_logic_1164 1354696159 LB UNISIM PH unisim/VCOMPONENTS 1354696165
AR work/mig20_usr_rd_0/syn 1413574859 \
      FL C:/Users/Justin/Dropbox/MOSES/ReferenceDesigns/fpga/source/v5coregen/mig20/user_design/rtl/mig20_usr_rd_0.vhd \
      EN work/mig20_usr_rd_0 1413574858 CP label CP FD CP FIFO36_72
FL C:/Users/Justin/Dropbox/MOSES/ReferenceDesigns/fpga/source/v5coregen/mig20/user_design/rtl/mig20_usr_top_0.vhd 2014/06/23.11:43:32 P.49d
EN work/mig20_usr_top_0 1413574874 \
      FL C:/Users/Justin/Dropbox/MOSES/ReferenceDesigns/fpga/source/v5coregen/mig20/user_design/rtl/mig20_usr_top_0.vhd \
      PB ieee/std_logic_1164 1354696159
AR work/mig20_usr_top_0/syn 1413574875 \
      FL C:/Users/Justin/Dropbox/MOSES/ReferenceDesigns/fpga/source/v5coregen/mig20/user_design/rtl/mig20_usr_top_0.vhd \
      EN work/mig20_usr_top_0 1413574874 CP mig20_usr_rd_0 \
      CP mig20_usr_addr_fifo_0 CP mig20_usr_wr_0
FL C:/Users/Justin/Dropbox/MOSES/ReferenceDesigns/fpga/source/v5coregen/mig20/user_design/rtl/mig20_usr_wr_0.vhd 2014/06/23.11:43:32 P.49d
EN work/mig20_usr_wr_0 1413574862 \
      FL C:/Users/Justin/Dropbox/MOSES/ReferenceDesigns/fpga/source/v5coregen/mig20/user_design/rtl/mig20_usr_wr_0.vhd \
      PB ieee/std_logic_1164 1354696159 LB UNISIM PH unisim/VCOMPONENTS 1354696165
AR work/mig20_usr_wr_0/syn 1413574863 \
      FL C:/Users/Justin/Dropbox/MOSES/ReferenceDesigns/fpga/source/v5coregen/mig20/user_design/rtl/mig20_usr_wr_0.vhd \
      EN work/mig20_usr_wr_0 1413574862 CP FIFO36_72
FL C:/Users/Justin/Dropbox/MOSES/ReferenceDesigns/fpga/source/v5coregen/pciegtx_wrapper/src/mgt_usrclk_source_pll.vhd 2014/06/23.11:43:37 P.49d
EN work/MGT_USRCLK_SOURCE_PLL 1413574902 \
      FL C:/Users/Justin/Dropbox/MOSES/ReferenceDesigns/fpga/source/v5coregen/pciegtx_wrapper/src/mgt_usrclk_source_pll.vhd \
      PB ieee/std_logic_1164 1354696159 PB ieee/NUMERIC_STD 1354696164 \
      PB ieee/STD_LOGIC_UNSIGNED 1354696162 LB UNISIM PH unisim/VCOMPONENTS 1354696165
AR work/MGT_USRCLK_SOURCE_PLL/RTL 1413574903 \
      FL C:/Users/Justin/Dropbox/MOSES/ReferenceDesigns/fpga/source/v5coregen/pciegtx_wrapper/src/mgt_usrclk_source_pll.vhd \
      EN work/MGT_USRCLK_SOURCE_PLL 1413574902 CP PLL_ADV CP BUFG
FL C:/Users/Justin/Dropbox/MOSES/ReferenceDesigns/fpga/source/v5coregen/pciegtx_wrapper/src/pciegtx_wrapper.vhd 2014/06/23.11:43:37 P.49d
EN work/PCIEGTX_WRAPPER 1413574906 \
      FL C:/Users/Justin/Dropbox/MOSES/ReferenceDesigns/fpga/source/v5coregen/pciegtx_wrapper/src/pciegtx_wrapper.vhd \
      PB ieee/std_logic_1164 1354696159 PB ieee/NUMERIC_STD 1354696164 LB UNISIM \
      PH unisim/VCOMPONENTS 1354696165
AR work/PCIEGTX_WRAPPER/RTL 1413574907 \
      FL C:/Users/Justin/Dropbox/MOSES/ReferenceDesigns/fpga/source/v5coregen/pciegtx_wrapper/src/pciegtx_wrapper.vhd \
      EN work/PCIEGTX_WRAPPER 1413574906 CP PCIEGTX_WRAPPER_TILE
FL C:/Users/Justin/Dropbox/MOSES/ReferenceDesigns/fpga/source/v5coregen/pciegtx_wrapper/src/pciegtx_wrapper_tile.vhd 2014/06/23.11:43:37 P.49d
EN work/PCIEGTX_WRAPPER_TILE 1413574880 \
      FL C:/Users/Justin/Dropbox/MOSES/ReferenceDesigns/fpga/source/v5coregen/pciegtx_wrapper/src/pciegtx_wrapper_tile.vhd \
      PB ieee/std_logic_1164 1354696159 PB ieee/NUMERIC_STD 1354696164 LB UNISIM \
      PH unisim/VCOMPONENTS 1354696165
AR work/PCIEGTX_WRAPPER_TILE/RTL 1413574881 \
      FL C:/Users/Justin/Dropbox/MOSES/ReferenceDesigns/fpga/source/v5coregen/pciegtx_wrapper/src/pciegtx_wrapper_tile.vhd \
      EN work/PCIEGTX_WRAPPER_TILE 1413574880 CP GTX_DUAL
FL C:/Users/Justin/Dropbox/MOSES/ReferenceDesigns/fpga/source/v5coregen/v5_emac_v1_3/example_design/client/fifo/eth_fifo_8.vhd 2014/06/23.11:43:38 P.49d
EN work/eth_fifo_8 1413574936 \
      FL C:/Users/Justin/Dropbox/MOSES/ReferenceDesigns/fpga/source/v5coregen/v5_emac_v1_3/example_design/client/fifo/eth_fifo_8.vhd \
      LB UNISIM PH unisim/VCOMPONENTS 1354696165 PB ieee/std_logic_1164 1354696159 \
      PB ieee/STD_LOGIC_UNSIGNED 1354696162 PB ieee/NUMERIC_STD 1354696164
AR work/eth_fifo_8/RTL 1413574937 \
      FL C:/Users/Justin/Dropbox/MOSES/ReferenceDesigns/fpga/source/v5coregen/v5_emac_v1_3/example_design/client/fifo/eth_fifo_8.vhd \
      EN work/eth_fifo_8 1413574936 CP tx_client_fifo_8 CP rx_client_fifo_8
FL C:/Users/Justin/Dropbox/MOSES/ReferenceDesigns/fpga/source/v5coregen/v5_emac_v1_3/example_design/client/fifo/rx_client_fifo_8.vhd 2014/06/23.11:43:38 P.49d
EN work/rx_client_fifo_8 1413574896 \
      FL C:/Users/Justin/Dropbox/MOSES/ReferenceDesigns/fpga/source/v5coregen/v5_emac_v1_3/example_design/client/fifo/rx_client_fifo_8.vhd \
      LB UNISIM PH unisim/VCOMPONENTS 1354696165 PB ieee/std_logic_1164 1354696159 \
      PB ieee/STD_LOGIC_UNSIGNED 1354696162 PB ieee/NUMERIC_STD 1354696164
AR work/rx_client_fifo_8/RTL 1413574897 \
      FL C:/Users/Justin/Dropbox/MOSES/ReferenceDesigns/fpga/source/v5coregen/v5_emac_v1_3/example_design/client/fifo/rx_client_fifo_8.vhd \
      EN work/rx_client_fifo_8 1413574896 CP RAMB16_S9_S9
FL C:/Users/Justin/Dropbox/MOSES/ReferenceDesigns/fpga/source/v5coregen/v5_emac_v1_3/example_design/client/fifo/tx_client_fifo_8.vhd 2014/06/23.11:43:38 P.49d
EN work/tx_client_fifo_8 1413574894 \
      FL C:/Users/Justin/Dropbox/MOSES/ReferenceDesigns/fpga/source/v5coregen/v5_emac_v1_3/example_design/client/fifo/tx_client_fifo_8.vhd \
      LB UNISIM PH unisim/VCOMPONENTS 1354696165 PB ieee/std_logic_1164 1354696159 \
      PB ieee/STD_LOGIC_UNSIGNED 1354696162 PB ieee/NUMERIC_STD 1354696164
AR work/tx_client_fifo_8/RTL 1413574895 \
      FL C:/Users/Justin/Dropbox/MOSES/ReferenceDesigns/fpga/source/v5coregen/v5_emac_v1_3/example_design/client/fifo/tx_client_fifo_8.vhd \
      EN work/tx_client_fifo_8 1413574894 CP RAMB16_S9_S9
FL C:/Users/Justin/Dropbox/MOSES/ReferenceDesigns/fpga/source/v5coregen/v5_emac_v1_3/example_design/physical/mii_if.vhd 2014/06/23.11:43:38 P.49d
EN work/mii_if 1413574898 \
      FL C:/Users/Justin/Dropbox/MOSES/ReferenceDesigns/fpga/source/v5coregen/v5_emac_v1_3/example_design/physical/mii_if.vhd \
      LB UNISIM PH unisim/VCOMPONENTS 1354696165 PB ieee/std_logic_1164 1354696159
AR work/mii_if/PHY_IF 1413574899 \
      FL C:/Users/Justin/Dropbox/MOSES/ReferenceDesigns/fpga/source/v5coregen/v5_emac_v1_3/example_design/physical/mii_if.vhd \
      EN work/mii_if 1413574898
FL C:/Users/Justin/Dropbox/MOSES/ReferenceDesigns/fpga/source/v5coregen/v5_emac_v1_3/example_design/v5_emac_v1_3.vhd 2014/06/23.11:43:38 P.49d
EN work/v5_emac_v1_3 1413574900 \
      FL C:/Users/Justin/Dropbox/MOSES/ReferenceDesigns/fpga/source/v5coregen/v5_emac_v1_3/example_design/v5_emac_v1_3.vhd \
      LB UNISIM PH unisim/VCOMPONENTS 1354696165 PB ieee/std_logic_1164 1354696159
AR work/v5_emac_v1_3/WRAPPER 1413574901 \
      FL C:/Users/Justin/Dropbox/MOSES/ReferenceDesigns/fpga/source/v5coregen/v5_emac_v1_3/example_design/v5_emac_v1_3.vhd \
      EN work/v5_emac_v1_3 1413574900 CP TEMAC
FL C:/Users/Justin/Dropbox/MOSES/ReferenceDesigns/fpga/source/v5coregen/v5_emac_v1_3/example_design/v5_emac_v1_3_block.vhd 2014/06/23.11:43:38 P.49d
EN work/v5_emac_v1_3_block 1413574934 \
      FL C:/Users/Justin/Dropbox/MOSES/ReferenceDesigns/fpga/source/v5coregen/v5_emac_v1_3/example_design/v5_emac_v1_3_block.vhd \
      LB UNISIM PH unisim/VCOMPONENTS 1354696165 PB ieee/std_logic_1164 1354696159
AR work/v5_emac_v1_3_block/TOP_LEVEL 1413574935 \
      FL C:/Users/Justin/Dropbox/MOSES/ReferenceDesigns/fpga/source/v5coregen/v5_emac_v1_3/example_design/v5_emac_v1_3_block.vhd \
      EN work/v5_emac_v1_3_block 1413574934 CP mii_if CP v5_emac_v1_3
FL C:/Users/Justin/Dropbox/MOSES/ReferenceDesigns/fpga/source/v5coregen/v5_emac_v1_3/example_design/v5_emac_v1_3_locallink.vhd 2014/06/23.11:43:38 P.49d
EN work/v5_emac_v1_3_locallink 1413574980 \
      FL C:/Users/Justin/Dropbox/MOSES/ReferenceDesigns/fpga/source/v5coregen/v5_emac_v1_3/example_design/v5_emac_v1_3_locallink.vhd \
      LB UNISIM PH unisim/VCOMPONENTS 1354696165 PB ieee/std_logic_1164 1354696159
AR work/v5_emac_v1_3_locallink/TOP_LEVEL 1413574981 \
      FL C:/Users/Justin/Dropbox/MOSES/ReferenceDesigns/fpga/source/v5coregen/v5_emac_v1_3/example_design/v5_emac_v1_3_locallink.vhd \
      EN work/v5_emac_v1_3_locallink 1413574980 CP v5_emac_v1_3_block \
      CP eth_fifo_8
