EN ddr2_core_jah NULL D:/MOSES/MOSES_Design/MOSES_FPGA_Design/ipcore_dir/DDR2_CORE_JAH/user_design/rtl/DDR2_CORE_JAH.vhd sub00/vhpl91 1422831419
AR ddr2_phy_write syn D:/MOSES/MOSES_Design/MOSES_FPGA_Design/ipcore_dir/DDR2_CORE_JAH/user_design/rtl/ddr2_phy_write.vhd sub00/vhpl15 1422831343
EN ddr2_burstcontroller NULL D:/MOSES/MOSES_Design/MOSES_FPGA_Design/DDR2_BurstController.vhd sub00/vhpl36 1422831364
AR reg_generic behavioral D:/MOSES/MOSES_Design/MOSES_FPGA_Design/REG_GENERIC.vhdl sub00/vhpl39 1422831367
AR counter behavioral D:/MOSES/MOSES_Design/MOSES_FPGA_Design/COUNTER.vhdl sub00/vhpl56 1422831384
EN reg16_en NULL D:/MOSES/MOSES_Design/MOSES_FPGA_Design/REG16_EN.vhdl sub00/vhpl30 1422831358
EN ddr2_idelay_ctrl NULL D:/MOSES/MOSES_Design/MOSES_FPGA_Design/ipcore_dir/DDR2_CORE_JAH/user_design/rtl/ddr2_idelay_ctrl.vhd sub00/vhpl43 1422831371
EN ddr2_datamanager NULL D:/MOSES/MOSES_Design/MOSES_FPGA_Design/DDR2_DataManager.vhd sub00/vhpl93 1422831421
AR reg32_readwrite rtl D:/MOSES/MOSES_Design/MOSES_FPGA_Design/reg32_ReadWrite.vhd sub00/vhpl78 1422831406
EN dff NULL D:/MOSES/MOSES_Design/MOSES_FPGA_Design/DFF.vhdl sub00/vhpl34 1422831362
EN ddr2_core NULL D:/MOSES/MOSES_Design/MOSES_FPGA_Design/ipcore_dir/DDR2_CORE.vhd sub00/vhpl95 1422831423
AR ddr2_usr_rd syn D:/MOSES/MOSES_Design/MOSES_FPGA_Design/ipcore_dir/DDR2_CORE_JAH/user_design/rtl/ddr2_usr_rd.vhd sub00/vhpl09 1422831337
AR ddr2_phy_dq_iob syn D:/MOSES/MOSES_Design/MOSES_FPGA_Design/ipcore_dir/DDR2_CORE_JAH/user_design/rtl/ddr2_phy_dq_iob.vhd sub00/vhpl07 1422831335
EN ddr2_usr_top NULL D:/MOSES/MOSES_Design/MOSES_FPGA_Design/ipcore_dir/DDR2_CORE_JAH/user_design/rtl/ddr2_usr_top.vhd sub00/vhpl24 1422831352
AR ddr2_idelay_ctrl syn D:/MOSES/MOSES_Design/MOSES_FPGA_Design/ipcore_dir/DDR2_CORE_JAH/user_design/rtl/ddr2_idelay_ctrl.vhd sub00/vhpl44 1422831372
AR ddr2_infrastructure syn D:/MOSES/MOSES_Design/MOSES_FPGA_Design/ipcore_dir/DDR2_CORE_JAH/user_design/rtl/ddr2_infrastructure.vhd sub00/vhpl46 1422831374
EN ddr2_usr_rd NULL D:/MOSES/MOSES_Design/MOSES_FPGA_Design/ipcore_dir/DDR2_CORE_JAH/user_design/rtl/ddr2_usr_rd.vhd sub00/vhpl08 1422831336
AR sync behavioral D:/MOSES/MOSES_Design/MOSES_FPGA_Design/SYNC.vhdl sub00/vhpl50 1422831378
EN ddr2_datamanager_ila NULL D:/MOSES/MOSES_Design/MOSES_FPGA_Design/ipcore_dir/DDR2_DataManager_ILA.vhd sub00/vhpl40 1422831368
PH ctiutil NULL D:/MOSES/MOSES_Design/MOSES_FPGA_Design/ctiUtil.vhd sub00/vhpl59 1422831387
AR ddr2_phy_top syn D:/MOSES/MOSES_Design/MOSES_FPGA_Design/ipcore_dir/DDR2_CORE_JAH/user_design/rtl/ddr2_phy_top.vhd sub00/vhpl23 1422831351
AR interrupt_logic behavioral D:/MOSES/MOSES_Design/MOSES_FPGA_Design/interrupt_logic.vhd sub00/vhpl80 1422831408
AR camera_interface structural D:/MOSES/MOSES_Design/MOSES_FPGA_Design/camera_interface.vhdl sub00/vhpl88 1422831416
AR ddr2_phy_dm_iob syn D:/MOSES/MOSES_Design/MOSES_FPGA_Design/ipcore_dir/DDR2_CORE_JAH/user_design/rtl/ddr2_phy_dm_iob.vhd sub00/vhpl05 1422831333
EN ddr2_mem_if_top NULL D:/MOSES/MOSES_Design/MOSES_FPGA_Design/ipcore_dir/DDR2_CORE_JAH/user_design/rtl/ddr2_mem_if_top.vhd sub00/vhpl28 1422831356
PB ctiutil ctiutil D:/MOSES/MOSES_Design/MOSES_FPGA_Design/ctiUtil.vhd sub00/vhpl60 1422831388
PB ffpci104_pkg ffpci104_pkg D:/MOSES/MOSES_Design/MOSES_FPGA_Design/ref_design_fcg006rd_pkg.vhd sub00/vhpl62 1422831390
EN ddr2_phy_dq_iob NULL D:/MOSES/MOSES_Design/MOSES_FPGA_Design/ipcore_dir/DDR2_CORE_JAH/user_design/rtl/ddr2_phy_dq_iob.vhd sub00/vhpl06 1422831334
PH ffpci104_pkg NULL D:/MOSES/MOSES_Design/MOSES_FPGA_Design/ref_design_fcg006rd_pkg.vhd sub00/vhpl61 1422831389
EN reg32_readwrite NULL D:/MOSES/MOSES_Design/MOSES_FPGA_Design/reg32_ReadWrite.vhd sub00/vhpl77 1422831405
EN power_down_timer NULL D:/MOSES/MOSES_Design/MOSES_FPGA_Design/POWER_DOWN_TIMER.vhdl sub00/vhpl81 1422831409
AR camera_interface_icon camera_interface_icon_a D:/MOSES/MOSES_Design/MOSES_FPGA_Design/ipcore_dir/Camera_Interface_ICON.vhd sub00/vhpl90 1422831418
AR ddr2_usr_addr_fifo syn D:/MOSES/MOSES_Design/MOSES_FPGA_Design/ipcore_dir/DDR2_CORE_JAH/user_design/rtl/ddr2_usr_addr_fifo.vhd sub00/vhpl11 1422831339
AR ddr2_phy_calib syn D:/MOSES/MOSES_Design/MOSES_FPGA_Design/ipcore_dir/DDR2_CORE_JAH/user_design/rtl/ddr2_phy_calib.vhd sub00/vhpl01 1422831329
EN ddr2_phy_dm_iob NULL D:/MOSES/MOSES_Design/MOSES_FPGA_Design/ipcore_dir/DDR2_CORE_JAH/user_design/rtl/ddr2_phy_dm_iob.vhd sub00/vhpl04 1422831332
AR moses_fpga_design behavioral D:/MOSES/MOSES_Design/MOSES_FPGA_Design/MOSES_FPGA_Design.vhd sub00/vhpl98 1422831426
EN pxl_data_generator NULL D:/MOSES/MOSES_Design/MOSES_FPGA_Design/PXL_DATA_GENERATOR.vhdl sub00/vhpl57 1422831385
EN ddr2_usr_wr NULL D:/MOSES/MOSES_Design/MOSES_FPGA_Design/ipcore_dir/DDR2_CORE_JAH/user_design/rtl/ddr2_usr_wr.vhd sub00/vhpl12 1422831340
AR clkcontrolmem_jah behavioral D:/MOSES/MOSES_Design/MOSES_FPGA_Design/clkControlMem_JAH.vhd sub00/vhpl74 1422831402
AR plxarb rtl D:/MOSES/MOSES_Design/MOSES_FPGA_Design/plxArb.vhd sub00/vhpl64 1422831392
AR ddr2_usr_wr syn D:/MOSES/MOSES_Design/MOSES_FPGA_Design/ipcore_dir/DDR2_CORE_JAH/user_design/rtl/ddr2_usr_wr.vhd sub00/vhpl13 1422831341
EN camera_sim NULL D:/MOSES/MOSES_Design/MOSES_FPGA_Design/camera_sim.vhdl sub00/vhpl85 1422831413
AR shift_reg64 structural D:/MOSES/MOSES_Design/MOSES_FPGA_Design/SHIFT_REG64.vhdl sub00/vhpl54 1422831382
EN ddr2_phy_write NULL D:/MOSES/MOSES_Design/MOSES_FPGA_Design/ipcore_dir/DDR2_CORE_JAH/user_design/rtl/ddr2_phy_write.vhd sub00/vhpl14 1422831342
EN reg16 NULL D:/MOSES/MOSES_Design/MOSES_FPGA_Design/REG16.vhdl sub00/vhpl32 1422831360
AR reg16 behavioral D:/MOSES/MOSES_Design/MOSES_FPGA_Design/REG16.vhdl sub00/vhpl33 1422831361
EN sync16 NULL D:/MOSES/MOSES_Design/MOSES_FPGA_Design/SYNC16.vhdl sub00/vhpl51 1422831379
AR ddr2_core arc_mem_interface_top D:/MOSES/MOSES_Design/MOSES_FPGA_Design/ipcore_dir/DDR2_CORE.vhd sub00/vhpl96 1422831424
EN sync NULL D:/MOSES/MOSES_Design/MOSES_FPGA_Design/SYNC.vhdl sub00/vhpl49 1422831377
EN interrupt_logic NULL D:/MOSES/MOSES_Design/MOSES_FPGA_Design/interrupt_logic.vhd sub00/vhpl79 1422831407
AR ddr2_phy_init syn D:/MOSES/MOSES_Design/MOSES_FPGA_Design/ipcore_dir/DDR2_CORE_JAH/user_design/rtl/ddr2_phy_init.vhd sub00/vhpl21 1422831349
EN counter NULL D:/MOSES/MOSES_Design/MOSES_FPGA_Design/COUNTER.vhdl sub00/vhpl55 1422831383
AR ddr2_top syn D:/MOSES/MOSES_Design/MOSES_FPGA_Design/ipcore_dir/DDR2_CORE_JAH/user_design/rtl/ddr2_top.vhd sub00/vhpl48 1422831376
AR plxcfgrom rtl D:/MOSES/MOSES_Design/MOSES_FPGA_Design/plxCfgRom.vhd sub00/vhpl72 1422831400
EN ddr2_usr_addr_fifo NULL D:/MOSES/MOSES_Design/MOSES_FPGA_Design/ipcore_dir/DDR2_CORE_JAH/user_design/rtl/ddr2_usr_addr_fifo.vhd sub00/vhpl10 1422831338
AR reg16_en behavioral D:/MOSES/MOSES_Design/MOSES_FPGA_Design/REG16_EN.vhdl sub00/vhpl31 1422831359
AR plx32bitmaster rtl D:/MOSES/MOSES_Design/MOSES_FPGA_Design/plx32BitMaster.vhd sub00/vhpl68 1422831396
EN reg_generic NULL D:/MOSES/MOSES_Design/MOSES_FPGA_Design/REG_GENERIC.vhdl sub00/vhpl38 1422831366
EN camera_interface_icon NULL D:/MOSES/MOSES_Design/MOSES_FPGA_Design/ipcore_dir/Camera_Interface_ICON.vhd sub00/vhpl89 1422831417
AR reg32_readonly rtl D:/MOSES/MOSES_Design/MOSES_FPGA_Design/reg32_ReadOnly.vhd sub00/vhpl76 1422831404
AR ddr2_datamanager behavioral D:/MOSES/MOSES_Design/MOSES_FPGA_Design/DDR2_DataManager.vhd sub00/vhpl94 1422831422
AR counter_peripheral behavioral D:/MOSES/MOSES_Design/MOSES_FPGA_Design/counter_peripheral.vhdl sub00/vhpl84 1422831412
AR power_down_timer behavioral D:/MOSES/MOSES_Design/MOSES_FPGA_Design/POWER_DOWN_TIMER.vhdl sub00/vhpl82 1422831410
EN plx32bitslave NULL D:/MOSES/MOSES_Design/MOSES_FPGA_Design/plx32BitSlave.vhd sub00/vhpl65 1422831393
EN ddr2_infrastructure NULL D:/MOSES/MOSES_Design/MOSES_FPGA_Design/ipcore_dir/DDR2_CORE_JAH/user_design/rtl/ddr2_infrastructure.vhd sub00/vhpl45 1422831373
AR ddr2_phy_dqs_iob syn D:/MOSES/MOSES_Design/MOSES_FPGA_Design/ipcore_dir/DDR2_CORE_JAH/user_design/rtl/ddr2_phy_dqs_iob.vhd sub00/vhpl03 1422831331
AR ddr2_datamanager_ila ddr2_datamanager_ila_a D:/MOSES/MOSES_Design/MOSES_FPGA_Design/ipcore_dir/DDR2_DataManager_ILA.vhd sub00/vhpl41 1422831369
AR camera_sim behavioral D:/MOSES/MOSES_Design/MOSES_FPGA_Design/camera_sim.vhdl sub00/vhpl86 1422831414
AR ddr2_core_jah arc_mem_interface_top D:/MOSES/MOSES_Design/MOSES_FPGA_Design/ipcore_dir/DDR2_CORE_JAH/user_design/rtl/DDR2_CORE_JAH.vhd sub00/vhpl92 1422831420
AR dff behavioral D:/MOSES/MOSES_Design/MOSES_FPGA_Design/DFF.vhdl sub00/vhpl35 1422831363
EN plx32bitmaster NULL D:/MOSES/MOSES_Design/MOSES_FPGA_Design/plx32BitMaster.vhd sub00/vhpl67 1422831395
EN ddr2_phy_calib NULL D:/MOSES/MOSES_Design/MOSES_FPGA_Design/ipcore_dir/DDR2_CORE_JAH/user_design/rtl/ddr2_phy_calib.vhd sub00/vhpl00 1422831328
AR ddr2_ctrl syn D:/MOSES/MOSES_Design/MOSES_FPGA_Design/ipcore_dir/DDR2_CORE_JAH/user_design/rtl/ddr2_ctrl.vhd sub00/vhpl27 1422831355
EN plxcfgrom NULL D:/MOSES/MOSES_Design/MOSES_FPGA_Design/plxCfgRom.vhd sub00/vhpl71 1422831399
EN ddr2_phy_init NULL D:/MOSES/MOSES_Design/MOSES_FPGA_Design/ipcore_dir/DDR2_CORE_JAH/user_design/rtl/ddr2_phy_init.vhd sub00/vhpl20 1422831348
EN camera_interface NULL D:/MOSES/MOSES_Design/MOSES_FPGA_Design/camera_interface.vhdl sub00/vhpl87 1422831415
EN ddr2_ctrl NULL D:/MOSES/MOSES_Design/MOSES_FPGA_Design/ipcore_dir/DDR2_CORE_JAH/user_design/rtl/ddr2_ctrl.vhd sub00/vhpl26 1422831354
AR sync16 behavioral D:/MOSES/MOSES_Design/MOSES_FPGA_Design/SYNC16.vhdl sub00/vhpl52 1422831380
EN local_bus_ila NULL D:/MOSES/MOSES_Design/MOSES_FPGA_Design/ipcore_dir/LOCAL_BUS_ILA.vhd sub00/vhpl69 1422831397
AR local_bus_ila local_bus_ila_a D:/MOSES/MOSES_Design/MOSES_FPGA_Design/ipcore_dir/LOCAL_BUS_ILA.vhd sub00/vhpl70 1422831398
AR ddr2_burstcontroller behavioral D:/MOSES/MOSES_Design/MOSES_FPGA_Design/DDR2_BurstController.vhd sub00/vhpl37 1422831365
PH ddr2_chipscope NULL D:/MOSES/MOSES_Design/MOSES_FPGA_Design/ipcore_dir/DDR2_CORE_JAH/user_design/rtl/ddr2_chipscope.vhd sub00/vhpl42 1422831370
EN ddr2_phy_ctl_io NULL D:/MOSES/MOSES_Design/MOSES_FPGA_Design/ipcore_dir/DDR2_CORE_JAH/user_design/rtl/ddr2_phy_ctl_io.vhd sub00/vhpl18 1422831346
AR ddr2_phy_ctl_io syn D:/MOSES/MOSES_Design/MOSES_FPGA_Design/ipcore_dir/DDR2_CORE_JAH/user_design/rtl/ddr2_phy_ctl_io.vhd sub00/vhpl19 1422831347
AR ddr2_phy_io syn D:/MOSES/MOSES_Design/MOSES_FPGA_Design/ipcore_dir/DDR2_CORE_JAH/user_design/rtl/ddr2_phy_io.vhd sub00/vhpl17 1422831345
EN ddr2_top NULL D:/MOSES/MOSES_Design/MOSES_FPGA_Design/ipcore_dir/DDR2_CORE_JAH/user_design/rtl/ddr2_top.vhd sub00/vhpl47 1422831375
EN shift_reg64 NULL D:/MOSES/MOSES_Design/MOSES_FPGA_Design/SHIFT_REG64.vhdl sub00/vhpl53 1422831381
EN counter_peripheral NULL D:/MOSES/MOSES_Design/MOSES_FPGA_Design/counter_peripheral.vhdl sub00/vhpl83 1422831411
EN ddr2_phy_top NULL D:/MOSES/MOSES_Design/MOSES_FPGA_Design/ipcore_dir/DDR2_CORE_JAH/user_design/rtl/ddr2_phy_top.vhd sub00/vhpl22 1422831350
EN ddr2_phy_dqs_iob NULL D:/MOSES/MOSES_Design/MOSES_FPGA_Design/ipcore_dir/DDR2_CORE_JAH/user_design/rtl/ddr2_phy_dqs_iob.vhd sub00/vhpl02 1422831330
AR ddr2_mem_if_top syn D:/MOSES/MOSES_Design/MOSES_FPGA_Design/ipcore_dir/DDR2_CORE_JAH/user_design/rtl/ddr2_mem_if_top.vhd sub00/vhpl29 1422831357
EN plxarb NULL D:/MOSES/MOSES_Design/MOSES_FPGA_Design/plxArb.vhd sub00/vhpl63 1422831391
EN reg32_readonly NULL D:/MOSES/MOSES_Design/MOSES_FPGA_Design/reg32_ReadOnly.vhd sub00/vhpl75 1422831403
EN moses_fpga_design NULL D:/MOSES/MOSES_Design/MOSES_FPGA_Design/MOSES_FPGA_Design.vhd sub00/vhpl97 1422831425
AR pxl_data_generator behavioral D:/MOSES/MOSES_Design/MOSES_FPGA_Design/PXL_DATA_GENERATOR.vhdl sub00/vhpl58 1422831386
AR plx32bitslave rtl D:/MOSES/MOSES_Design/MOSES_FPGA_Design/plx32BitSlave.vhd sub00/vhpl66 1422831394
EN ddr2_phy_io NULL D:/MOSES/MOSES_Design/MOSES_FPGA_Design/ipcore_dir/DDR2_CORE_JAH/user_design/rtl/ddr2_phy_io.vhd sub00/vhpl16 1422831344
AR ddr2_usr_top syn D:/MOSES/MOSES_Design/MOSES_FPGA_Design/ipcore_dir/DDR2_CORE_JAH/user_design/rtl/ddr2_usr_top.vhd sub00/vhpl25 1422831353
EN clkcontrolmem_jah NULL D:/MOSES/MOSES_Design/MOSES_FPGA_Design/clkControlMem_JAH.vhd sub00/vhpl73 1422831401
